Component: Arm Compiler for Embedded 6.19 Tool: armlink [5e73cb00]

==============================================================================

Section Cross References

    main.o(.text.main) refers to system_stm32f0xx.o(.text.SystemInit) for SystemInit
    main.o(.text.main) refers to button.o(.text.Button_Init) for Button_Init
    main.o(.text.main) refers to ks0108.o(.text.GLCD_Initialize) for GLCD_Initialize
    main.o(.text.main) refers to ks0108.o(.text.GLCD_ClearScreen) for GLCD_ClearScreen
    main.o(.text.main) refers to aeabi_sdiv.o(.text) for __aeabi_uidiv
    main.o(.text.main) refers to main.o(.text.SysTick_Config) for SysTick_Config
    main.o(.text.main) refers to timeout.o(.text.Timeout_Init) for Timeout_Init
    main.o(.text.main) refers to uart.o(.text.UART1_Init) for UART1_Init
    main.o(.text.main) refers to adc.o(.text.ADC_Init) for ADC_Init
    main.o(.text.main) refers to dac.o(.text.DAC_Init) for DAC_Init
    main.o(.text.main) refers to graphic.o(.text.DrawModeScreen) for DrawModeScreen
    main.o(.text.main) refers to timeout.o(.text.Timeout_Reset) for Timeout_Reset
    main.o(.text.main) refers to measurement.o(.text.Measurement_Continuous) for Measurement_Continuous
    main.o(.text.main) refers to measurement.o(.text.Measurement_Single) for Measurement_Single
    main.o(.text.main) refers to measurement.o(.text.Measurement_Calibration) for Measurement_Calibration
    main.o(.text.main) refers to timeout.o(.text.Timeout_IsExpired) for Timeout_IsExpired
    main.o(.text.main) refers to timeout.o(.text.ShutDown_Device) for ShutDown_Device
    main.o(.text.main) refers to system_stm32f0xx.o(.data.SystemCoreClock) for SystemCoreClock
    main.o(.text.main) refers to button.o(.bss.presses) for presses
    main.o(.text.main) refers to main.o(.data.lastPresses) for lastPresses
    main.o(.text.main) refers to button.o(.bss.doFlag) for doFlag
    main.o(.ARM.exidx.text.main) refers to main.o(.text.main) for [Anonymous Symbol]
    main.o(.text.SysTick_Config) refers to main.o(.text.__NVIC_SetPriority) for __NVIC_SetPriority
    main.o(.ARM.exidx.text.SysTick_Config) refers to main.o(.text.SysTick_Config) for [Anonymous Symbol]
    main.o(.ARM.exidx.text.__NVIC_SetPriority) refers to main.o(.text.__NVIC_SetPriority) for [Anonymous Symbol]
    delay.o(.text.SysTick_Handler) refers to timeout.o(.text.Timeout_SysTick_Handler) for Timeout_SysTick_Handler
    delay.o(.text.SysTick_Handler) refers to delay.o(.bss.msTicks) for msTicks
    delay.o(.ARM.exidx.text.SysTick_Handler) refers to delay.o(.text.SysTick_Handler) for [Anonymous Symbol]
    delay.o(.text.Delay_ms) refers to delay.o(.bss.msTicks) for msTicks
    delay.o(.ARM.exidx.text.Delay_ms) refers to delay.o(.text.Delay_ms) for [Anonymous Symbol]
    delay.o(.ARM.exidx.text.Delay_us) refers to delay.o(.text.Delay_us) for [Anonymous Symbol]
    lcd.o(.text.pulse_e) refers to delay.o(.text.Delay_us) for Delay_us
    lcd.o(.ARM.exidx.text.pulse_e) refers to lcd.o(.text.pulse_e) for [Anonymous Symbol]
    lcd.o(.ARM.exidx.text.lcd_cmd_4) refers to lcd.o(.text.lcd_cmd_4) for [Anonymous Symbol]
    lcd.o(.text.lcd_cmd) refers to lcd.o(.text.lcd_cmd_4) for lcd_cmd_4
    lcd.o(.text.lcd_cmd) refers to lcd.o(.text.pulse_e) for pulse_e
    lcd.o(.ARM.exidx.text.lcd_cmd) refers to lcd.o(.text.lcd_cmd) for [Anonymous Symbol]
    lcd.o(.text.lcd_data) refers to lcd.o(.text.lcd_cmd_4) for lcd_cmd_4
    lcd.o(.text.lcd_data) refers to lcd.o(.text.pulse_e) for pulse_e
    lcd.o(.ARM.exidx.text.lcd_data) refers to lcd.o(.text.lcd_data) for [Anonymous Symbol]
    lcd.o(.text.lcd_goto) refers to lcd.o(.text.lcd_cmd) for lcd_cmd
    lcd.o(.ARM.exidx.text.lcd_goto) refers to lcd.o(.text.lcd_goto) for [Anonymous Symbol]
    lcd.o(.text.lcd_char) refers to lcd.o(.text.lcd_goto) for lcd_goto
    lcd.o(.text.lcd_char) refers to lcd.o(.text.lcd_data) for lcd_data
    lcd.o(.ARM.exidx.text.lcd_char) refers to lcd.o(.text.lcd_char) for [Anonymous Symbol]
    lcd.o(.text.lcd_init_all) refers to delay.o(.text.Delay_ms) for Delay_ms
    lcd.o(.text.lcd_init_all) refers to lcd.o(.text.lcd_cmd_4) for lcd_cmd_4
    lcd.o(.text.lcd_init_all) refers to lcd.o(.text.pulse_e) for pulse_e
    lcd.o(.text.lcd_init_all) refers to lcd.o(.text.lcd_cmd) for lcd_cmd
    lcd.o(.ARM.exidx.text.lcd_init_all) refers to lcd.o(.text.lcd_init_all) for [Anonymous Symbol]
    lcd.o(.ARM.exidx.text.LCD_GPIO_Init) refers to lcd.o(.text.LCD_GPIO_Init) for [Anonymous Symbol]
    uart.o(.text.UART1_Init) refers to uart.o(.text.__NVIC_EnableIRQ) for __NVIC_EnableIRQ
    uart.o(.ARM.exidx.text.UART1_Init) refers to uart.o(.text.UART1_Init) for [Anonymous Symbol]
    uart.o(.ARM.exidx.text.__NVIC_EnableIRQ) refers to uart.o(.text.__NVIC_EnableIRQ) for [Anonymous Symbol]
    uart.o(.ARM.exidx.text.UART1_SendChar) refers to uart.o(.text.UART1_SendChar) for [Anonymous Symbol]
    uart.o(.text.UART1_SendString) refers to uart.o(.text.UART1_SendChar) for UART1_SendChar
[...]
    __arm_cp.5_2                             0x08002974   Number         4  ks0108-stm32.o(.text.GLCD_WriteData)
    __arm_cp.5_3                             0x08002978   Number         4  ks0108-stm32.o(.text.GLCD_WriteData)
    __arm_cp.5_4                             0x0800297c   Number         4  ks0108-stm32.o(.text.GLCD_WriteData)
    __arm_cp.5_5                             0x08002980   Number         4  ks0108-stm32.o(.text.GLCD_WriteData)
    [Anonymous Symbol]                       0x08002984   Section        0  ks0108.o(.text.GLCD_WriteString)
    [Anonymous Symbol]                       0x080029a8   Section        0  graphic.o(.text.GetBatteryLevelFromVoltage)
    __arm_cp.1_0                             0x08002a2c   Number         4  graphic.o(.text.GetBatteryLevelFromVoltage)
    __arm_cp.1_1                             0x08002a30   Number         4  graphic.o(.text.GetBatteryLevelFromVoltage)
    __arm_cp.1_2                             0x08002a34   Number         4  graphic.o(.text.GetBatteryLevelFromVoltage)
    __arm_cp.1_3                             0x08002a38   Number         4  graphic.o(.text.GetBatteryLevelFromVoltage)
    __arm_cp.1_4                             0x08002a3c   Number         4  graphic.o(.text.GetBatteryLevelFromVoltage)
    [Anonymous Symbol]                       0x08002a40   Section        0  measurement.o(.text.Measurement_Calibration)
    __arm_cp.3_42                            0x08002e08   Number         4  measurement.o(.text.Measurement_Calibration)
    __arm_cp.3_49                            0x08002e24   Number         4  measurement.o(.text.Measurement_Calibration)
    __arm_cp.3_50                            0x08002e28   Number         4  measurement.o(.text.Measurement_Calibration)
    __arm_cp.3_51                            0x08002e2c   Number         4  measurement.o(.text.Measurement_Calibration)
    __arm_cp.3_52                            0x08002e30   Number         4  measurement.o(.text.Measurement_Calibration)
    __arm_cp.3_53                            0x08002e34   Number         4  measurement.o(.text.Measurement_Calibration)
    __arm_cp.3_54                            0x08002e38   Number         4  measurement.o(.text.Measurement_Calibration)
    __arm_cp.3_55                            0x08002e3c   Number         4  measurement.o(.text.Measurement_Calibration)
    __arm_cp.3_56                            0x08002e40   Number         4  measurement.o(.text.Measurement_Calibration)
    __arm_cp.3_57                            0x08002e44   Number         4  measurement.o(.text.Measurement_Calibration)
    __arm_cp.3_58                            0x08002e48   Number         4  measurement.o(.text.Measurement_Calibration)
    __arm_cp.3_1                             0x08002fb4   Number         4  measurement.o(.text.Measurement_Calibration)
    __arm_cp.3_2                             0x08002fb8   Number         4  measurement.o(.text.Measurement_Calibration)
    __arm_cp.3_4                             0x08002fbc   Number         4  measurement.o(.text.Measurement_Calibration)
    __arm_cp.3_6                             0x08002fc0   Number         4  measurement.o(.text.Measurement_Calibration)
    __arm_cp.3_17                            0x08002fc4   Number         4  measurement.o(.text.Measurement_Calibration)
    __arm_cp.3_18                            0x08002fc8   Number         4  measurement.o(.text.Measurement_Calibration)
    __arm_cp.3_19                            0x08002fcc   Number         4  measurement.o(.text.Measurement_Calibration)
    __arm_cp.3_20                            0x08002fd0   Number         4  measurement.o(.text.Measurement_Calibration)
    __arm_cp.3_21                            0x08002fd4   Number         4  measurement.o(.text.Measurement_Calibration)
    __arm_cp.3_22                            0x08002fd8   Number         4  measurement.o(.text.Measurement_Calibration)
    __arm_cp.3_23                            0x08002fdc   Number         4  measurement.o(.text.Measurement_Calibration)
    __arm_cp.3_24                            0x08002fe0   Number         4  measurement.o(.text.Measurement_Calibration)
    __arm_cp.3_25                            0x08002fe4   Number         4  measurement.o(.text.Measurement_Calibration)
    __arm_cp.3_26                            0x08002fe8   Number         4  measurement.o(.text.Measurement_Calibration)
    __arm_cp.3_27                            0x08002fec   Number         4  measurement.o(.text.Measurement_Calibration)
    __arm_cp.3_31                            0x08002ff0   Number         4  measurement.o(.text.Measurement_Calibration)
    __arm_cp.3_32                            0x08002ff4   Number         4  measurement.o(.text.Measurement_Calibration)
    __arm_cp.3_33                            0x08002ff8   Number         4  measurement.o(.text.Measurement_Calibration)
    __arm_cp.3_34                            0x08002ffc   Number         4  measurement.o(.text.Measurement_Calibration)
    __arm_cp.3_35                            0x08003000   Number         4  measurement.o(.text.Measurement_Calibration)
    __arm_cp.3_36                            0x08003004   Number         4  measurement.o(.text.Measurement_Calibration)
    __arm_cp.3_38                            0x08003008   Number         4  measurement.o(.text.Measurement_Calibration)
    __arm_cp.3_39                            0x0800300c   Number         4  measurement.o(.text.Measurement_Calibration)
    __arm_cp.3_40                            0x08003010   Number         4  measurement.o(.text.Measurement_Calibration)
    __arm_cp.3_41                            0x08003014   Number         4  measurement.o(.text.Measurement_Calibration)
    [Anonymous Symbol]                       0x08003018   Section        0  measurement.o(.text.Measurement_Continuous)
    Measurement_PerformCycle                 0x08003021   Thumb Code   336  measurement.o(.text.Measurement_PerformCycle)
    [Anonymous Symbol]                       0x08003020   Section        0  measurement.o(.text.Measurement_PerformCycle)
    __arm_cp.1_0                             0x08003170   Number         4  measurement.o(.text.Measurement_PerformCycle)
    __arm_cp.1_1                             0x08003174   Number         4  measurement.o(.text.Measurement_PerformCycle)
    __arm_cp.1_2                             0x08003178   Number         4  measurement.o(.text.Measurement_PerformCycle)
    __arm_cp.1_3                             0x0800317c   Number         4  measurement.o(.text.Measurement_PerformCycle)
    __arm_cp.1_4                             0x08003180   Number         4  measurement.o(.text.Measurement_PerformCycle)
    __arm_cp.1_5                             0x08003184   Number         4  measurement.o(.text.Measurement_PerformCycle)
    __arm_cp.1_6                             0x08003188   Number         4  measurement.o(.text.Measurement_PerformCycle)
    __arm_cp.1_7                             0x0800318c   Number         4  measurement.o(.text.Measurement_PerformCycle)
    __arm_cp.1_8                             0x08003190   Number         4  measurement.o(.text.Measurement_PerformCycle)
    __arm_cp.1_9                             0x08003194   Number         4  measurement.o(.text.Measurement_PerformCycle)
    __arm_cp.1_10                            0x08003198   Number         4  measurement.o(.text.Measurement_PerformCycle)
    __arm_cp.1_11                            0x0800319c   Number         4  measurement.o(.text.Measurement_PerformCycle)
    __arm_cp.1_12                            0x080031a0   Number         4  measurement.o(.text.Measurement_PerformCycle)
    [Anonymous Symbol]                       0x080031a4   Section        0  measurement.o(.text.Measurement_Single)
    [Anonymous Symbol]                       0x080031ac   Section        0  timeout.o(.text.ShutDown_Device)
    __arm_cp.4_0                             0x080031fc   Number         4  timeout.o(.text.ShutDown_Device)
    __arm_cp.4_1                             0x08003200   Number         4  timeout.o(.text.ShutDown_Device)
    __arm_cp.4_2                             0x08003204   Number         4  timeout.o(.text.ShutDown_Device)
    [Anonymous Symbol]                       0x08003208   Section        0  storage.o(.text.Storage_SaveDAC)
    __arm_cp.0_0                             0x0800328c   Number         4  storage.o(.text.Storage_SaveDAC)
    __arm_cp.0_1                             0x08003290   Number         4  storage.o(.text.Storage_SaveDAC)
    __arm_cp.0_2                             0x08003294   Number         4  storage.o(.text.Storage_SaveDAC)
    __arm_cp.0_3                             0x08003298   Number         4  storage.o(.text.Storage_SaveDAC)
    __arm_cp.0_4                             0x0800329c   Number         4  storage.o(.text.Storage_SaveDAC)
    __arm_cp.0_5                             0x080032a0   Number         4  storage.o(.text.Storage_SaveDAC)
    __arm_cp.0_6                             0x080032a4   Number         4  storage.o(.text.Storage_SaveDAC)
    SysTick_Config                           0x080032a9   Thumb Code    68  main.o(.text.SysTick_Config)
    [Anonymous Symbol]                       0x080032a8   Section        0  main.o(.text.SysTick_Config)
    __arm_cp.1_0                             0x080032ec   Number         4  main.o(.text.SysTick_Config)
    __arm_cp.1_1                             0x080032f0   Number         4  main.o(.text.SysTick_Config)
    __arm_cp.1_2                             0x080032f4   Number         4  main.o(.text.SysTick_Config)
    [Anonymous Symbol]                       0x080032f8   Section        0  delay.o(.text.SysTick_Handler)
    __arm_cp.0_0                             0x08003308   Number         4  delay.o(.text.SysTick_Handler)
    [Anonymous Symbol]                       0x0800330c   Section        0  system_stm32f0xx.o(.text.SystemInit)
    [Anonymous Symbol]                       0x08003310   Section        0  button.o(.text.TIM14_IRQHandler)
    __arm_cp.4_0                             0x080033d4   Number         4  button.o(.text.TIM14_IRQHandler)
    __arm_cp.4_1                             0x080033d8   Number         4  button.o(.text.TIM14_IRQHandler)
    __arm_cp.4_2                             0x080033dc   Number         4  button.o(.text.TIM14_IRQHandler)
    __arm_cp.4_3                             0x080033e0   Number         4  button.o(.text.TIM14_IRQHandler)
    __arm_cp.4_5                             0x080033e4   Number         4  button.o(.text.TIM14_IRQHandler)
    __arm_cp.4_6                             0x080033e8   Number         4  button.o(.text.TIM14_IRQHandler)
    __arm_cp.4_7                             0x080033ec   Number         4  button.o(.text.TIM14_IRQHandler)
    [Anonymous Symbol]                       0x080033f0   Section        0  timeout.o(.text.Timeout_Init)
    [Anonymous Symbol]                       0x080033f8   Section        0  timeout.o(.text.Timeout_IsExpired)
    [Anonymous Symbol]                       0x08003418   Section        0  timeout.o(.text.Timeout_Reset)
    [Anonymous Symbol]                       0x08003420   Section        0  timeout.o(.text.Timeout_SysTick_Handler)
    __arm_cp.2_0                             0x08003438   Number         4  timeout.o(.text.Timeout_SysTick_Handler)
    __arm_cp.2_1                             0x0800343c   Number         4  timeout.o(.text.Timeout_SysTick_Handler)
    [Anonymous Symbol]                       0x08003440   Section        0  uart.o(.text.UART1_Init)
    __arm_cp.0_0                             0x080034ac   Number         4  uart.o(.text.UART1_Init)
    __arm_cp.0_1                             0x080034b0   Number         4  uart.o(.text.UART1_Init)
    __arm_cp.0_2                             0x080034b4   Number         4  uart.o(.text.UART1_Init)
    __arm_cp.0_3                             0x080034b8   Number         4  uart.o(.text.UART1_Init)
    __arm_cp.0_4                             0x080034bc   Number         4  uart.o(.text.UART1_Init)
    __arm_cp.0_5                             0x080034c0   Number         4  uart.o(.text.UART1_Init)
    [Anonymous Symbol]                       0x080034c4   Section        0  uart.o(.text.UART1_SendChar)
    __arm_cp.2_1                             0x080034e8   Number         4  uart.o(.text.UART1_SendChar)
    [Anonymous Symbol]                       0x080034ec   Section        0  uart.o(.text.UART1_SendString)
    [Anonymous Symbol]                       0x08003510   Section        0  uart.o(.text.USART1_IRQHandler)
    __arm_cp.4_0                             0x0800358c   Number         4  uart.o(.text.USART1_IRQHandler)
    __arm_cp.4_1                             0x08003590   Number         4  uart.o(.text.USART1_IRQHandler)
    __arm_cp.4_2                             0x08003594   Number         4  uart.o(.text.USART1_IRQHandler)
    __arm_cp.4_3                             0x08003598   Number         4  uart.o(.text.USART1_IRQHandler)
    __arm_cp.4_4                             0x0800359c   Number         4  uart.o(.text.USART1_IRQHandler)
    __NVIC_EnableIRQ                         0x080035a1   Thumb Code    40  uart.o(.text.__NVIC_EnableIRQ)
    [Anonymous Symbol]                       0x080035a0   Section        0  uart.o(.text.__NVIC_EnableIRQ)
    __NVIC_EnableIRQ                         0x080035c9   Thumb Code    40  button.o(.text.__NVIC_EnableIRQ)
    [Anonymous Symbol]                       0x080035c8   Section        0  button.o(.text.__NVIC_EnableIRQ)
    __arm_cp.2_0                             0x080035f0   Number         4  button.o(.text.__NVIC_EnableIRQ)
    __NVIC_SetPriority                       0x080035f5   Thumb Code   124  main.o(.text.__NVIC_SetPriority)
    [Anonymous Symbol]                       0x080035f4   Section        0  main.o(.text.__NVIC_SetPriority)
    __NVIC_SetPriority                       0x08003671   Thumb Code   124  button.o(.text.__NVIC_SetPriority)
    [Anonymous Symbol]                       0x08003670   Section        0  button.o(.text.__NVIC_SetPriority)
    __arm_cp.1_0                             0x080036ec   Number         4  button.o(.text.__NVIC_SetPriority)
    __arm_cp.1_1                             0x080036f0   Number         4  button.o(.text.__NVIC_SetPriority)
    calibration_aborted                      0x080036f5   Thumb Code    56  measurement.o(.text.calibration_aborted)
    [Anonymous Symbol]                       0x080036f4   Section        0  measurement.o(.text.calibration_aborted)
    __arm_cp.4_0                             0x0800372c   Number         4  measurement.o(.text.calibration_aborted)
    __arm_cp.4_1                             0x08003730   Number         4  measurement.o(.text.calibration_aborted)
    __arm_cp.4_2                             0x08003734   Number         4  measurement.o(.text.calibration_aborted)
    __arm_cp.4_3                             0x08003738   Number         4  measurement.o(.text.calibration_aborted)
    compute_angle                            0x0800373d   Thumb Code   680  measurement.o(.text.compute_angle)
    [Anonymous Symbol]                       0x0800373c   Section        0  measurement.o(.text.compute_angle)
    __arm_cp.5_0                             0x080039e4   Number         4  measurement.o(.text.compute_angle)
    __arm_cp.5_1                             0x080039e8   Number         4  measurement.o(.text.compute_angle)
    __arm_cp.5_2                             0x080039ec   Number         4  measurement.o(.text.compute_angle)
    __arm_cp.5_3                             0x080039f0   Number         4  measurement.o(.text.compute_angle)
    __arm_cp.5_4                             0x080039f4   Number         4  measurement.o(.text.compute_angle)
    __arm_cp.5_5                             0x080039f8   Number         4  measurement.o(.text.compute_angle)
    __arm_cp.5_6                             0x080039fc   Number         4  measurement.o(.text.compute_angle)
    __arm_cp.5_7                             0x08003a00   Number         4  measurement.o(.text.compute_angle)
    __arm_cp.5_8                             0x08003a04   Number         4  measurement.o(.text.compute_angle)
    __arm_cp.5_9                             0x08003a08   Number         4  measurement.o(.text.compute_angle)
    __arm_cp.5_10                            0x08003a0c   Number         4  measurement.o(.text.compute_angle)
    __arm_cp.5_11                            0x08003a10   Number         4  measurement.o(.text.compute_angle)
    __arm_cp.5_12                            0x08003a14   Number         4  measurement.o(.text.compute_angle)
    __arm_cp.5_13                            0x08003a18   Number         4  measurement.o(.text.compute_angle)
    __arm_cp.5_14                            0x08003a1c   Number         4  measurement.o(.text.compute_angle)
    __arm_cp.5_15                            0x08003a20   Number         4  measurement.o(.text.compute_angle)
    __arm_cp.5_16                            0x08003a24   Number         4  measurement.o(.text.compute_angle)
    __arm_cp.5_17                            0x08003a28   Number         4  measurement.o(.text.compute_angle)
    __arm_cp.5_18                            0x08003a2c   Number         4  measurement.o(.text.compute_angle)
    __arm_cp.5_19                            0x08003a30   Number         4  measurement.o(.text.compute_angle)
    __arm_cp.5_20                            0x08003a34   Number         4  measurement.o(.text.compute_angle)
    [Anonymous Symbol]                       0x08003a38   Section        0  main.o(.text.main)
    __arm_cp.0_0                             0x08003b04   Number         4  main.o(.text.main)
    __arm_cp.0_1                             0x08003b08   Number         4  main.o(.text.main)
    __arm_cp.0_2                             0x08003b0c   Number         4  main.o(.text.main)
    __arm_cp.0_3                             0x08003b10   Number         4  main.o(.text.main)
    i.__ARM_common_ll_muluu                  0x08003b14   Section        0  btod.o(i.__ARM_common_ll_muluu)
    i.__ARM_fpclassify                       0x08003b44   Section        0  fpclassify.o(i.__ARM_fpclassify)
    i._fgr                                   0x08003b70   Section        0  fcmp.o(i._fgr)
    i._fleq                                  0x08003b86   Section        0  fcmp.o(i._fleq)
    i._fls                                   0x08003ba0   Section        0  fcmp.o(i._fls)
    i._is_digit                              0x08003bb6   Section        0  __printf_wp.o(i._is_digit)
    locale$$code                             0x08003bc4   Section       44  lc_numeric_c.o(locale$$code)
    locale$$code                             0x08003bf0   Section       44  lc_ctype_c.o(locale$$code)
    x$fpl$fadd                               0x08003c1c   Section      140  faddsub.o(x$fpl$fadd)
    _fadd1                                   0x08003c29   Thumb Code     0  faddsub.o(x$fpl$fadd)
    x$fpl$fgeqf                              0x08003ca8   Section       84  fgef.o(x$fpl$fgeqf)
    x$fpl$fleqf                              0x08003cfc   Section       84  flef.o(x$fpl$fleqf)
    x$fpl$fmul                               0x08003d50   Section      176  fmul.o(x$fpl$fmul)
    x$fpl$fsub                               0x08003e00   Section      208  faddsub.o(x$fpl$fsub)
    _fsub1                                   0x08003e0d   Thumb Code     0  faddsub.o(x$fpl$fsub)
    x$fpl$printf1                            0x08003ed0   Section       16  printf1.o(x$fpl$printf1)
    x$fpl$printf2                            0x08003ee0   Section       16  printf2.o(x$fpl$printf2)
    fdiv_tab                                 0x08003ef0   Data          64  fdiv.o(.constdata)
    .constdata                               0x08003ef0   Section       64  fdiv.o(.constdata)
    x$fpl$usenofp                            0x08003ef0   Section        0  usenofp.o(x$fpl$usenofp)
    initial_mbstate                          0x08003f30   Data           8  _printf_wctomb.o(.constdata)
    .constdata                               0x08003f30   Section        8  _printf_wctomb.o(.constdata)
    uc_hextab                                0x08003f38   Data          20  _printf_hex_int_ll_ptr.o(.constdata)
    .constdata                               0x08003f38   Section       40  _printf_hex_int_ll_ptr.o(.constdata)
    lc_hextab                                0x08003f4c   Data          20  _printf_hex_int_ll_ptr.o(.constdata)
    maptable                                 0x08003f60   Data          17  __printf_flags_ss_wp.o(.constdata)
    .constdata                               0x08003f60   Section       17  __printf_flags_ss_wp.o(.constdata)
    lc_hextab                                0x08003f71   Data          19  _printf_fp_hex.o(.constdata)
    .constdata                               0x08003f71   Section       38  _printf_fp_hex.o(.constdata)
    uc_hextab                                0x08003f84   Data          19  _printf_fp_hex.o(.constdata)
    tenpwrs_x                                0x08003f98   Data          60  bigflt0.o(.constdata)
    .constdata                               0x08003f98   Section      148  bigflt0.o(.constdata)
    tenpwrs_i                                0x08003fd4   Data          64  bigflt0.o(.constdata)
    [Anonymous Symbol]                       0x0800402c   Section        0  graphic.o(.rodata..L__const.DrawModeScreen.modeNamesEng)
    [Anonymous Symbol]                       0x08004038   Section        0  graphic.o(.rodata..L__const.DrawModeScreen.modeNamesRus)
    font5x8                                  0x08004344   Data         480  ks0108.o(.rodata.font5x8)
    [Anonymous Symbol]                       0x08004344   Section        0  ks0108.o(.rodata.font5x8)
    [Anonymous Symbol]                       0x08004524   Section        0  uart.o(.rodata.str1.1)
    [Anonymous Symbol]                       0x08004530   Section        0  graphic.o(.rodata.str1.1)
    [Anonymous Symbol]                       0x080045a7   Section        0  measurement.o(.rodata.str1.1)
    locale$$data                             0x08004804   Section       28  lc_numeric_c.o(locale$$data)
    __lcnum_c_name                           0x08004808   Data           2  lc_numeric_c.o(locale$$data)
    __lcnum_c_start                          0x08004810   Data           0  lc_numeric_c.o(locale$$data)
    __lcnum_c_point                          0x0800481c   Data           0  lc_numeric_c.o(locale$$data)
    __lcnum_c_thousands                      0x0800481e   Data           0  lc_numeric_c.o(locale$$data)
    __lcnum_c_grouping                       0x0800481f   Data           0  lc_numeric_c.o(locale$$data)
    __lcnum_c_end                            0x08004820   Data           0  lc_numeric_c.o(locale$$data)
    locale$$data                             0x08004820   Section      272  lc_ctype_c.o(locale$$data)
    __lcctype_c_name                         0x08004824   Data           2  lc_ctype_c.o(locale$$data)
    __lcctype_c_start                        0x0800482c   Data           0  lc_ctype_c.o(locale$$data)
    __lcctype_c_end                          0x08004930   Data           0  lc_ctype_c.o(locale$$data)
    Measurement_Calibration.dacValue         0x20000000   Data           2  measurement.o(.data.Measurement_Calibration.dacValue)
    [Anonymous Symbol]                       0x20000000   Section        0  measurement.o(.data.Measurement_Calibration.dacValue)
    .bss                                     0x20000010   Section       96  libspace.o(.bss)
    Measurement_Calibration.calibrationStarted 0x20000070   Data           1  measurement.o(.bss.Measurement_Calibration.calibrationStarted)
    [Anonymous Symbol]                       0x20000070   Section        0  measurement.o(.bss.Measurement_Calibration.calibrationStarted)
    Measurement_Calibration.maxValue0        0x20000072   Data           2  measurement.o(.bss.Measurement_Calibration.maxValue0)
    [Anonymous Symbol]                       0x20000072   Section        0  measurement.o(.bss.Measurement_Calibration.maxValue0)
    Measurement_Calibration.maxValue1        0x20000074   Data           2  measurement.o(.bss.Measurement_Calibration.maxValue1)
    [Anonymous Symbol]                       0x20000074   Section        0  measurement.o(.bss.Measurement_Calibration.maxValue1)
    button_pending                           0x20000076   Data           1  button.o(.bss.button_pending)
    [Anonymous Symbol]                       0x20000076   Section        0  button.o(.bss.button_pending)
    rx_buffer                                0x20000081   Data          32  uart.o(.bss.rx_buffer)
    [Anonymous Symbol]                       0x20000081   Section        0  uart.o(.bss.rx_buffer)
    rx_index                                 0x200000a1   Data           1  uart.o(.bss.rx_index)
    [Anonymous Symbol]                       0x200000a1   Section        0  uart.o(.bss.rx_index)
    timeout_counter                          0x200000a8   Data           4  timeout.o(.bss.timeout_counter)
    [Anonymous Symbol]                       0x200000a8   Section        0  timeout.o(.bss.timeout_counter)
    Heap_Mem                                 0x200000b0   Data         512  startup_stm32f051x8.o(HEAP)
    HEAP                                     0x200000b0   Section      512  startup_stm32f051x8.o(HEAP)
    Stack_Mem                                0x200002b0   Data        1024  startup_stm32f051x8.o(STACK)
    STACK                                    0x200002b0   Section     1024  startup_stm32f051x8.o(STACK)
    __initial_sp                             0x200006b0   Data           0  startup_stm32f051x8.o(STACK)

    Global Symbols

    Symbol Name                              Value     Ov Type        Size  Object(Section)

    BuildAttributes$$THM_ISAv3M$S$PE$A:L22$X:L11$S22$IEEE1$IW$~IW$USESV6$~STKCKD$USESV7$~SHL$OTIME$ROPI$IEEEJ$EBA8$UX$STANDARDLIB$REQ8$PRES8$EABIv2 0x00000000   Number         0  anon$$obj.o ABSOLUTE
    _printf_flags                            0x00000000   Number         0  printf_stubs.o ABSOLUTE
    _printf_return_value                     0x00000000   Number         0  printf_stubs.o ABSOLUTE
    _printf_sizespec                         0x00000000   Number         0  printf_stubs.o ABSOLUTE
    _printf_widthprec                        0x00000000   Number         0  printf_stubs.o ABSOLUTE
    __ARM_exceptions_init                     - Undefined Weak Reference
    __alloca_initialize                       - Undefined Weak Reference
    __arm_preinit_                            - Undefined Weak Reference
    __arm_relocate_pie_                       - Undefined Weak Reference
    __cpp_initialize__aeabi_                  - Undefined Weak Reference
    __cxa_finalize                            - Undefined Weak Reference
    __sigvec_lookup                           - Undefined Weak Reference
    _atexit_init                              - Undefined Weak Reference
    _call_atexit_fns                          - Undefined Weak Reference
    _clock_init                               - Undefined Weak Reference
    _fp_trap_init                             - Undefined Weak Reference
    _fp_trap_shutdown                         - Undefined Weak Reference
    _get_lc_collate                           - Undefined Weak Reference
    _get_lc_monetary                          - Undefined Weak Reference
    _get_lc_time                              - Undefined Weak Reference
    _getenv_init                              - Undefined Weak Reference
    _handle_redirection                       - Undefined Weak Reference
    _init_alloc                               - Undefined Weak Reference
    _init_user_alloc                          - Undefined Weak Reference
    _initio                                   - Undefined Weak Reference
    _printf_mbtowc                            - Undefined Weak Reference
    _printf_wc                                - Undefined Weak Reference
    _rand_init                                - Undefined Weak Reference
    _signal_finish                            - Undefined Weak Reference
    _signal_init                              - Undefined Weak Reference
    _terminate_alloc                          - Undefined Weak Reference
    _terminate_user_alloc                     - Undefined Weak Reference
    _terminateio                              - Undefined Weak Reference
    __Vectors_Size                           0x000000bc   Number         0  startup_stm32f051x8.o ABSOLUTE
    __Vectors                                0x08000000   Data           4  startup_stm32f051x8.o(RESET)
    __Vectors_End                            0x080000bc   Data           0  startup_stm32f051x8.o(RESET)
    __main                                   0x080000bd   Thumb Code     8  __main.o(!!!main)
    __scatterload                            0x080000c5   Thumb Code     0  __scatter.o(!!!scatter)
    __scatterload_rt2                        0x080000c5   Thumb Code    52  __scatter.o(!!!scatter)
    __scatterload_rt2_thumb_only             0x080000c5   Thumb Code     0  __scatter.o(!!!scatter)
    __scatterload_null                       0x080000d5   Thumb Code     0  __scatter.o(!!!scatter)
    __scatterload_copy                       0x08000101   Thumb Code    26  __scatter_copy.o(!!handler_copy)
    __scatterload_zeroinit                   0x0800011d   Thumb Code    28  __scatter_zi.o(!!handler_zi)
    _printf_percent                          0x08000139   Thumb Code     0  _printf_percent.o(.ARM.Collect$$_printf_percent$$00000000)
    _printf_n                                0x0800013b   Thumb Code     0  _printf_n.o(.ARM.Collect$$_printf_percent$$00000001)
    _printf_p                                0x08000145   Thumb Code     0  _printf_p.o(.ARM.Collect$$_printf_percent$$00000002)
    _printf_f                                0x0800014f   Thumb Code     0  _printf_f.o(.ARM.Collect$$_printf_percent$$00000003)
    _printf_e                                0x08000159   Thumb Code     0  _printf_e.o(.ARM.Collect$$_printf_percent$$00000004)
    _printf_g                                0x08000163   Thumb Code     0  _printf_g.o(.ARM.Collect$$_printf_percent$$00000005)
    _printf_a                                0x0800016d   Thumb Code     0  _printf_a.o(.ARM.Collect$$_printf_percent$$00000006)
    _printf_ll                               0x08000177   Thumb Code     0  _printf_ll.o(.ARM.Collect$$_printf_percent$$00000007)
    _printf_i                                0x08000181   Thumb Code     0  _printf_i.o(.ARM.Collect$$_printf_percent$$00000008)
    _printf_d                                0x0800018b   Thumb Code     0  _printf_d.o(.ARM.Collect$$_printf_percent$$00000009)
    _printf_u                                0x08000195   Thumb Code     0  _printf_u.o(.ARM.Collect$$_printf_percent$$0000000A)
    _printf_o                                0x0800019f   Thumb Code     0  _printf_o.o(.ARM.Collect$$_printf_percent$$0000000B)
    _printf_x                                0x080001a9   Thumb Code     0  _printf_x.o(.ARM.Collect$$_printf_percent$$0000000C)
    _printf_lli                              0x080001b3   Thumb Code     0  _printf_lli.o(.ARM.Collect$$_printf_percent$$0000000D)
    _printf_lld                              0x080001bd   Thumb Code     0  _printf_lld.o(.ARM.Collect$$_printf_percent$$0000000E)
    _printf_llu                              0x080001c7   Thumb Code     0  _printf_llu.o(.ARM.Collect$$_printf_percent$$0000000F)
    _printf_llo                              0x080001d1   Thumb Code     0  _printf_llo.o(.ARM.Collect$$_printf_percent$$00000010)
    _printf_llx                              0x080001db   Thumb Code     0  _printf_llx.o(.ARM.Collect$$_printf_percent$$00000011)
    _printf_l                                0x080001e5   Thumb Code     0  _printf_l.o(.ARM.Collect$$_printf_percent$$00000012)
    _printf_c                                0x080001ef   Thumb Code     0  _printf_c.o(.ARM.Collect$$_printf_percent$$00000013)
    _printf_s                                0x080001f9   Thumb Code     0  _printf_s.o(.ARM.Collect$$_printf_percent$$00000014)
    _printf_lc                               0x08000203   Thumb Code     0  _printf_lc.o(.ARM.Collect$$_printf_percent$$00000015)
    _printf_ls                               0x0800020d   Thumb Code     0  _printf_ls.o(.ARM.Collect$$_printf_percent$$00000016)
    _printf_percent_end                      0x08000217   Thumb Code     0  _printf_percent_end.o(.ARM.Collect$$_printf_percent$$00000017)
    __rt_lib_init                            0x0800021b   Thumb Code     0  libinit.o(.ARM.Collect$$libinit$$00000000)
    __rt_lib_init_fp_1                       0x0800021d   Thumb Code     0  libinit2.o(.ARM.Collect$$libinit$$00000002)
    __rt_lib_init_heap_1                     0x0800021d   Thumb Code     0  libinit2.o(.ARM.Collect$$libinit$$0000000C)
    __rt_lib_init_lc_common                  0x0800021d   Thumb Code     0  libinit2.o(.ARM.Collect$$libinit$$00000011)
    __rt_lib_init_preinit_1                  0x0800021d   Thumb Code     0  libinit2.o(.ARM.Collect$$libinit$$00000006)
    __rt_lib_init_rand_1                     0x0800021d   Thumb Code     0  libinit2.o(.ARM.Collect$$libinit$$00000010)
    __rt_lib_init_relocate_pie_1             0x0800021d   Thumb Code     0  libinit2.o(.ARM.Collect$$libinit$$00000004)
    __rt_lib_init_user_alloc_1               0x0800021d   Thumb Code     0  libinit2.o(.ARM.Collect$$libinit$$0000000E)
    __rt_lib_init_lc_collate_1               0x08000223   Thumb Code     0  libinit2.o(.ARM.Collect$$libinit$$00000013)
    __rt_lib_init_lc_ctype_2                 0x08000223   Thumb Code     0  libinit2.o(.ARM.Collect$$libinit$$00000014)
    __rt_lib_init_lc_ctype_1                 0x0800022f   Thumb Code     0  libinit2.o(.ARM.Collect$$libinit$$00000015)
    __rt_lib_init_lc_monetary_1              0x0800022f   Thumb Code     0  libinit2.o(.ARM.Collect$$libinit$$00000017)
    __rt_lib_init_lc_numeric_2               0x0800022f   Thumb Code     0  libinit2.o(.ARM.Collect$$libinit$$00000018)
    __rt_lib_init_alloca_1                   0x08000239   Thumb Code     0  libinit2.o(.ARM.Collect$$libinit$$00000030)
    __rt_lib_init_argv_1                     0x08000239   Thumb Code     0  libinit2.o(.ARM.Collect$$libinit$$0000002E)
    __rt_lib_init_atexit_1                   0x08000239   Thumb Code     0  libinit2.o(.ARM.Collect$$libinit$$0000001D)
    __rt_lib_init_clock_1                    0x08000239   Thumb Code     0  libinit2.o(.ARM.Collect$$libinit$$00000023)
    __rt_lib_init_cpp_1                      0x08000239   Thumb Code     0  libinit2.o(.ARM.Collect$$libinit$$00000034)
    __rt_lib_init_exceptions_1               0x08000239   Thumb Code     0  libinit2.o(.ARM.Collect$$libinit$$00000032)
    __rt_lib_init_fp_trap_1                  0x08000239   Thumb Code     0  libinit2.o(.ARM.Collect$$libinit$$00000021)
    __rt_lib_init_getenv_1                   0x08000239   Thumb Code     0  libinit2.o(.ARM.Collect$$libinit$$00000025)
    __rt_lib_init_lc_numeric_1               0x08000239   Thumb Code     0  libinit2.o(.ARM.Collect$$libinit$$00000019)
    __rt_lib_init_lc_time_1                  0x08000239   Thumb Code     0  libinit2.o(.ARM.Collect$$libinit$$0000001B)
    __rt_lib_init_return                     0x08000239   Thumb Code     0  libinit2.o(.ARM.Collect$$libinit$$00000035)
    __rt_lib_init_signal_1                   0x08000239   Thumb Code     0  libinit2.o(.ARM.Collect$$libinit$$0000001F)
    __rt_lib_init_stdio_1                    0x08000239   Thumb Code     0  libinit2.o(.ARM.Collect$$libinit$$00000027)
    __rt_lib_shutdown                        0x0800023b   Thumb Code     0  libshutdown.o(.ARM.Collect$$libshutdown$$00000000)
    __rt_lib_shutdown_cpp_1                  0x0800023d   Thumb Code     0  libshutdown2.o(.ARM.Collect$$libshutdown$$00000002)
    __rt_lib_shutdown_fp_trap_1              0x0800023d   Thumb Code     0  libshutdown2.o(.ARM.Collect$$libshutdown$$00000007)
    __rt_lib_shutdown_heap_1                 0x0800023d   Thumb Code     0  libshutdown2.o(.ARM.Collect$$libshutdown$$0000000F)
    __rt_lib_shutdown_return                 0x0800023d   Thumb Code     0  libshutdown2.o(.ARM.Collect$$libshutdown$$00000010)
    __rt_lib_shutdown_signal_1               0x0800023d   Thumb Code     0  libshutdown2.o(.ARM.Collect$$libshutdown$$0000000A)
    __rt_lib_shutdown_stdio_1                0x0800023d   Thumb Code     0  libshutdown2.o(.ARM.Collect$$libshutdown$$00000004)
    __rt_lib_shutdown_user_alloc_1           0x0800023d   Thumb Code     0  libshutdown2.o(.ARM.Collect$$libshutdown$$0000000C)
    __rt_entry                               0x0800023f   Thumb Code     0  __rtentry.o(.ARM.Collect$$rtentry$$00000000)
    __rt_entry_presh_1                       0x0800023f   Thumb Code     0  __rtentry2.o(.ARM.Collect$$rtentry$$00000002)
    __rt_entry_sh                            0x0800023f   Thumb Code     0  __rtentry4.o(.ARM.Collect$$rtentry$$00000004)
    __rt_entry_li                            0x08000245   Thumb Code     0  __rtentry2.o(.ARM.Collect$$rtentry$$0000000A)
    __rt_entry_postsh_1                      0x08000245   Thumb Code     0  __rtentry2.o(.ARM.Collect$$rtentry$$00000009)
    __rt_entry_main                          0x08000249   Thumb Code     0  __rtentry2.o(.ARM.Collect$$rtentry$$0000000D)
    __rt_entry_postli_1                      0x08000249   Thumb Code     0  __rtentry2.o(.ARM.Collect$$rtentry$$0000000C)
    __rt_exit                                0x08000251   Thumb Code     0  rtexit.o(.ARM.Collect$$rtexit$$00000000)
    __rt_exit_ls                             0x08000253   Thumb Code     0  rtexit2.o(.ARM.Collect$$rtexit$$00000003)
    __rt_exit_prels_1                        0x08000253   Thumb Code     0  rtexit2.o(.ARM.Collect$$rtexit$$00000002)
    __rt_exit_exit                           0x08000257   Thumb Code     0  rtexit2.o(.ARM.Collect$$rtexit$$00000004)
    Reset_Handler                            0x0800025d   Thumb Code     8  startup_stm32f051x8.o(.text)
    NMI_Handler                              0x08000265   Thumb Code     2  startup_stm32f051x8.o(.text)
    HardFault_Handler                        0x08000267   Thumb Code     2  startup_stm32f051x8.o(.text)
    SVC_Handler                              0x08000269   Thumb Code     2  startup_stm32f051x8.o(.text)
    PendSV_Handler                           0x0800026b   Thumb Code     2  startup_stm32f051x8.o(.text)
    ADC1_COMP_IRQHandler                     0x0800026f   Thumb Code     0  startup_stm32f051x8.o(.text)
    CEC_IRQHandler                           0x0800026f   Thumb Code     0  startup_stm32f051x8.o(.text)
    DMA1_Channel1_IRQHandler                 0x0800026f   Thumb Code     0  startup_stm32f051x8.o(.text)
    DMA1_Channel2_3_IRQHandler               0x0800026f   Thumb Code     0  startup_stm32f051x8.o(.text)
    DMA1_Channel4_5_IRQHandler               0x0800026f   Thumb Code     0  startup_stm32f051x8.o(.text)
    EXTI2_3_IRQHandler                       0x0800026f   Thumb Code     0  startup_stm32f051x8.o(.text)
    EXTI4_15_IRQHandler                      0x0800026f   Thumb Code     0  startup_stm32f051x8.o(.text)
    FLASH_IRQHandler                         0x0800026f   Thumb Code     0  startup_stm32f051x8.o(.text)
    I2C1_IRQHandler                          0x0800026f   Thumb Code     0  startup_stm32f051x8.o(.text)
    I2C2_IRQHandler                          0x0800026f   Thumb Code     0  startup_stm32f051x8.o(.text)
    PVD_IRQHandler                           0x0800026f   Thumb Code     0  startup_stm32f051x8.o(.text)
    RCC_IRQHandler                           0x0800026f   Thumb Code     0  startup_stm32f051x8.o(.text)
    RTC_IRQHandler                           0x0800026f   Thumb Code     0  startup_stm32f051x8.o(.text)
    SPI1_IRQHandler                          0x0800026f   Thumb Code     0  startup_stm32f051x8.o(.text)
    SPI2_IRQHandler                          0x0800026f   Thumb Code     0  startup_stm32f051x8.o(.text)
    TIM15_IRQHandler                         0x0800026f   Thumb Code     0  startup_stm32f051x8.o(.text)
    TIM16_IRQHandler                         0x0800026f   Thumb Code     0  startup_stm32f051x8.o(.text)
    TIM17_IRQHandler                         0x0800026f   Thumb Code     0  startup_stm32f051x8.o(.text)
    TIM1_BRK_UP_TRG_COM_IRQHandler           0x0800026f   Thumb Code     0  startup_stm32f051x8.o(.text)
    TIM1_CC_IRQHandler                       0x0800026f   Thumb Code     0  startup_stm32f051x8.o(.text)
    TIM2_IRQHandler                          0x0800026f   Thumb Code     0  startup_stm32f051x8.o(.text)
    TIM3_IRQHandler                          0x0800026f   Thumb Code     0  startup_stm32f051x8.o(.text)
    TIM6_DAC_IRQHandler                      0x0800026f   Thumb Code     0  startup_stm32f051x8.o(.text)
    TSC_IRQHandler                           0x0800026f   Thumb Code     0  startup_stm32f051x8.o(.text)
    USART2_IRQHandler                        0x0800026f   Thumb Code     0  startup_stm32f051x8.o(.text)
    WWDG_IRQHandler                          0x0800026f   Thumb Code     0  startup_stm32f051x8.o(.text)
    __user_initial_stackheap                 0x08000271   Thumb Code     0  startup_stm32f051x8.o(.text)
    sprintf                                  0x08000295   Thumb Code    40  sprintf.o(.text)
    strcmp                                   0x080002c1   Thumb Code   132  strcmp.o(.text)
    __aeabi_uidiv                            0x08000349   Thumb Code     0  aeabi_sdiv.o(.text)
    __aeabi_uidivmod                         0x08000349   Thumb Code    20  aeabi_sdiv.o(.text)
    __aeabi_idiv                             0x0800035d   Thumb Code     0  aeabi_sdiv.o(.text)
    __aeabi_idivmod                          0x0800035d   Thumb Code   338  aeabi_sdiv.o(.text)
    __use_two_region_memory                  0x080004b5   Thumb Code     2  heapauxi.o(.text)
    __rt_heap_escrow$2region                 0x080004b7   Thumb Code     2  heapauxi.o(.text)
    __rt_heap_expand$2region                 0x080004b9   Thumb Code     2  heapauxi.o(.text)
    __aeabi_f2d                              0x080004bd   Thumb Code     0  f2d.o(.text)
    _f2d                                     0x080004bd   Thumb Code    80  f2d.o(.text)
    __aeabi_fdiv                             0x08000511   Thumb Code     0  fdiv.o(.text)
    _fdiv                                    0x08000511   Thumb Code   334  fdiv.o(.text)
    _frdiv                                   0x0800065f   Thumb Code     8  fdiv.o(.text)
    __aeabi_i2f_normalise                    0x08000671   Thumb Code    72  fflti.o(.text)
    __aeabi_i2f                              0x080006b9   Thumb Code    16  fflti.o(.text)
    _fflt                                    0x080006b9   Thumb Code     0  fflti.o(.text)
    __aeabi_ui2f                             0x080006c9   Thumb Code     6  fflti.o(.text)
    _ffltu                                   0x080006c9   Thumb Code     0  fflti.o(.text)
    _printf_pre_padding                      0x080006cf   Thumb Code    44  _printf_pad.o(.text)
    _printf_post_padding                     0x080006fb   Thumb Code    34  _printf_pad.o(.text)
    _printf_truncate_signed                  0x0800071d   Thumb Code    18  _printf_truncate.o(.text)
    _printf_truncate_unsigned                0x0800072f   Thumb Code    18  _printf_truncate.o(.text)
    _printf_str                              0x08000741   Thumb Code    82  _printf_str.o(.text)
    _printf_int_dec                          0x08000795   Thumb Code    90  _printf_dec.o(.text)
    _printf_charcount                        0x08000801   Thumb Code    38  _printf_charcount.o(.text)
    _printf_char_common                      0x08000833   Thumb Code    32  _printf_char_common.o(.text)
    _sputc                                   0x08000859   Thumb Code    10  _sputc.o(.text)
    _printf_wctomb                           0x08000865   Thumb Code   182  _printf_wctomb.o(.text)
    _printf_longlong_dec                     0x08000921   Thumb Code    94  _printf_longlong_dec.o(.text)
    _printf_longlong_oct                     0x08000991   Thumb Code    68  _printf_oct_int_ll.o(.text)
    _printf_int_oct                          0x080009d5   Thumb Code    24  _printf_oct_int_ll.o(.text)
    _printf_ll_oct                           0x080009ed   Thumb Code    10  _printf_oct_int_ll.o(.text)
    _printf_longlong_hex                     0x08000a01   Thumb Code    88  _printf_hex_int_ll_ptr.o(.text)
    _printf_int_hex                          0x08000a59   Thumb Code    28  _printf_hex_int_ll_ptr.o(.text)
    _printf_ll_hex                           0x08000a75   Thumb Code    10  _printf_hex_int_ll_ptr.o(.text)
    _printf_hex_ptr                          0x08000a7f   Thumb Code    22  _printf_hex_int_ll_ptr.o(.text)
    __printf                                 0x08000a99   Thumb Code   386  __printf_flags_ss_wp.o(.text)
    _ll_udiv10                               0x08000c21   Thumb Code   122  lludiv10.o(.text)
    _printf_int_common                       0x08000c9b   Thumb Code   176  _printf_intcommon.o(.text)
    _printf_fp_dec_real                      0x08000ee9   Thumb Code   620  _printf_fp_dec.o(.text)
    _printf_fp_hex_real                      0x08001161   Thumb Code   718  _printf_fp_hex.o(.text)
    _printf_cs_common                        0x08001439   Thumb Code    22  _printf_char.o(.text)
    _printf_char                             0x0800144f   Thumb Code    16  _printf_char.o(.text)
    _printf_string                           0x0800145f   Thumb Code     8  _printf_char.o(.text)
    _printf_lcs_common                       0x08001467   Thumb Code    22  _printf_wchar.o(.text)
    _printf_wchar                            0x0800147d   Thumb Code    16  _printf_wchar.o(.text)
    _printf_wstring                          0x0800148d   Thumb Code     8  _printf_wchar.o(.text)
    _c16rtomb                                0x08001495   Thumb Code    66  _c16rtomb.o(.text)
    _wcrtomb                                 0x08001495   Thumb Code     0  _c16rtomb.o(.text)
    __rt_udiv10                              0x080014d7   Thumb Code    40  rtudiv10.o(.text)
    __fpl_fcmp_InfNaN                        0x08001501   Thumb Code    96  fcmpin.o(.text)
    __user_setup_stackheap                   0x08001565   Thumb Code    62  sys_stackheap_outer.o(.text)
    __rt_ctype_table                         0x080015a5   Thumb Code    16  rt_ctype_table.o(.text)
    __rt_locale                              0x080015b5   Thumb Code     8  rt_locale_intlibspace.o(.text)
    _printf_fp_infnan                        0x080015bd   Thumb Code   120  _printf_fp_infnan.o(.text)
    _btod_etento                             0x08001645   Thumb Code   210  bigflt0.o(.text)
    _btod_d2e                                0x0800171d   Thumb Code    64  btod.o(.text)
    _btod_emul                               0x08001b51   Thumb Code    28  btod.o(.text)
    _btod_emuld                              0x08001b6d   Thumb Code   144  btod.o(.text)
    _btod_ediv                               0x08001bfd   Thumb Code    26  btod.o(.text)
    _btod_edivd                              0x08001c17   Thumb Code   124  btod.o(.text)
    exit                                     0x08001c9d   Thumb Code    16  exit.o(.text)
    __fpl_cmpreturn                          0x08001cad   Thumb Code    46  cmpret.o(.text)
    __fpl_fcheck_NaN2                        0x08001cdd   Thumb Code    10  fnan2.o(.text)
    __user_libspace                          0x08001ced   Thumb Code     8  libspace.o(.text)
    __user_perproc_libspace                  0x08001ced   Thumb Code     0  libspace.o(.text)
    __user_perthread_libspace                0x08001ced   Thumb Code     0  libspace.o(.text)
    __fpl_return_NaN                         0x08001cf5   Thumb Code    94  retnan.o(.text)
    _sys_exit                                0x08001d55   Thumb Code     8  sys_exit.o(.text)
    __I$use$semihosting                      0x08001d61   Thumb Code     0  use_no_semi.o(.text)
    __use_no_semihosting_swi                 0x08001d61   Thumb Code     2  use_no_semi.o(.text)
    __semihosting_library_function           0x08001d63   Thumb Code     0  indicate_semi.o(.text)
    ADC_Init                                 0x08001d65   Thumb Code   116  adc.o(.text.ADC_Init)
    ADC_Read_Channel                         0x08001de1   Thumb Code    92  adc.o(.text.ADC_Read_Channel)
    Button_Init                              0x08001e4d   Thumb Code   188  button.o(.text.Button_Init)
    DAC_Init                                 0x08001f31   Thumb Code    40  dac.o(.text.DAC_Init)
    Delay_ms                                 0x08001f61   Thumb Code    36  delay.o(.text.Delay_ms)
    DrawBatteryIcon                          0x08001f89   Thumb Code   386  graphic.o(.text.DrawBatteryIcon)
    DrawModeScreen                           0x0800210d   Thumb Code   216  graphic.o(.text.DrawModeScreen)
    EXTI0_1_IRQHandler                       0x080021f5   Thumb Code    96  button.o(.text.EXTI0_1_IRQHandler)
    GLCD_ClearScreen                         0x08002269   Thumb Code    86  ks0108.o(.text.GLCD_ClearScreen)
    GLCD_Delay                               0x080022bf   Thumb Code    32  ks0108-stm32.o(.text.GLCD_Delay)
    GLCD_DisableController                   0x080022e1   Thumb Code    36  ks0108-stm32.o(.text.GLCD_DisableController)
    GLCD_EnableController                    0x08002305   Thumb Code    36  ks0108-stm32.o(.text.GLCD_EnableController)
    GLCD_GoTo                                0x08002329   Thumb Code   136  ks0108.o(.text.GLCD_GoTo)
    GLCD_Initialize                          0x080023b1   Thumb Code   120  ks0108.o(.text.GLCD_Initialize)
    GLCD_InitializePorts                     0x08002431   Thumb Code    28  ks0108-stm32.o(.text.GLCD_InitializePorts)
    GLCD_Line                                0x0800245d   Thumb Code   312  graphic.o(.text.GLCD_Line)
    GLCD_ReadData                            0x08002595   Thumb Code   124  ks0108-stm32.o(.text.GLCD_ReadData)
    GLCD_ReadStatus                          0x08002619   Thumb Code   108  ks0108-stm32.o(.text.GLCD_ReadStatus)
    GLCD_Reset                               0x0800269d   Thumb Code    52  ks0108-stm32.o(.text.GLCD_Reset)
    GLCD_SetPixel                            0x080026d9   Thumb Code   152  ks0108.o(.text.GLCD_SetPixel)
    GLCD_ShutDown_Device                     0x08002771   Thumb Code    24  graphic.o(.text.GLCD_ShutDown_Device)
    GLCD_WriteChar                           0x0800278d   Thumb Code   228  ks0108.o(.text.GLCD_WriteChar)
    GLCD_WriteCommand                        0x08002879   Thumb Code   112  ks0108-stm32.o(.text.GLCD_WriteCommand)
    GLCD_WriteData                           0x080028e9   Thumb Code   132  ks0108-stm32.o(.text.GLCD_WriteData)
    GLCD_WriteString                         0x08002985   Thumb Code    36  ks0108.o(.text.GLCD_WriteString)
    GetBatteryLevelFromVoltage               0x080029a9   Thumb Code   132  graphic.o(.text.GetBatteryLevelFromVoltage)
    Measurement_Calibration                  0x08002a41   Thumb Code  1396  measurement.o(.text.Measurement_Calibration)
    Measurement_Continuous                   0x08003019   Thumb Code     8  measurement.o(.text.Measurement_Continuous)
    Measurement_Single                       0x080031a5   Thumb Code     8  measurement.o(.text.Measurement_Single)
    ShutDown_Device                          0x080031ad   Thumb Code    80  timeout.o(.text.ShutDown_Device)
    Storage_SaveDAC                          0x08003209   Thumb Code   132  storage.o(.text.Storage_SaveDAC)
    SysTick_Handler                          0x080032f9   Thumb Code    16  delay.o(.text.SysTick_Handler)
    SystemInit                               0x0800330d   Thumb Code     2  system_stm32f0xx.o(.text.SystemInit)
    TIM14_IRQHandler                         0x08003311   Thumb Code   196  button.o(.text.TIM14_IRQHandler)
    Timeout_Init                             0x080033f1   Thumb Code     8  timeout.o(.text.Timeout_Init)
    Timeout_IsExpired                        0x080033f9   Thumb Code    32  timeout.o(.text.Timeout_IsExpired)
    Timeout_Reset                            0x08003419   Thumb Code     8  timeout.o(.text.Timeout_Reset)
    Timeout_SysTick_Handler                  0x08003421   Thumb Code    24  timeout.o(.text.Timeout_SysTick_Handler)
    UART1_Init                               0x08003441   Thumb Code   108  uart.o(.text.UART1_Init)
    UART1_SendChar                           0x080034c5   Thumb Code    36  uart.o(.text.UART1_SendChar)
    UART1_SendString                         0x080034ed   Thumb Code    36  uart.o(.text.UART1_SendString)
    USART1_IRQHandler                        0x08003511   Thumb Code   124  uart.o(.text.USART1_IRQHandler)
    main                                     0x08003a39   Thumb Code   204  main.o(.text.main)
    __ARM_common_ll_muluu                    0x08003b15   Thumb Code    48  btod.o(i.__ARM_common_ll_muluu)
    __ARM_fpclassify                         0x08003b45   Thumb Code    40  fpclassify.o(i.__ARM_fpclassify)
    __aeabi_fcmpgt                           0x08003b71   Thumb Code     0  fcmp.o(i._fgr)
    _fgr                                     0x08003b71   Thumb Code    22  fcmp.o(i._fgr)
    __aeabi_fcmple                           0x08003b87   Thumb Code     0  fcmp.o(i._fleq)
    _fleq                                    0x08003b87   Thumb Code    26  fcmp.o(i._fleq)
    __aeabi_fcmplt                           0x08003ba1   Thumb Code     0  fcmp.o(i._fls)
    _fls                                     0x08003ba1   Thumb Code    22  fcmp.o(i._fls)
    _is_digit                                0x08003bb7   Thumb Code    14  __printf_wp.o(i._is_digit)
    _get_lc_numeric                          0x08003bc5   Thumb Code    44  lc_numeric_c.o(locale$$code)
    _get_lc_ctype                            0x08003bf1   Thumb Code    44  lc_ctype_c.o(locale$$code)
    __aeabi_fadd                             0x08003c1d   Thumb Code     0  faddsub.o(x$fpl$fadd)
    _fadd                                    0x08003c1d   Thumb Code   134  faddsub.o(x$fpl$fadd)
    _fcmpge                                  0x08003ca9   Thumb Code    78  fgef.o(x$fpl$fgeqf)
    __aeabi_cfcmple                          0x08003cfd   Thumb Code     0  flef.o(x$fpl$fleqf)
    _fcmple                                  0x08003cfd   Thumb Code    78  flef.o(x$fpl$fleqf)
    __aeabi_fmul                             0x08003d51   Thumb Code     0  fmul.o(x$fpl$fmul)
    _fmul                                    0x08003d51   Thumb Code   172  fmul.o(x$fpl$fmul)
    __aeabi_fsub                             0x08003e01   Thumb Code     0  faddsub.o(x$fpl$fsub)
    _fsub                                    0x08003e01   Thumb Code   204  faddsub.o(x$fpl$fsub)
    _printf_fp_dec                           0x08003ed1   Thumb Code    16  printf1.o(x$fpl$printf1)
    _printf_fp_hex                           0x08003ee1   Thumb Code    16  printf2.o(x$fpl$printf2)
    __I$use$fp                               0x08003ef0   Number         0  usenofp.o(x$fpl$usenofp)
    LCD5x8H5x8                               0x08004044   Data         768  font_rus.o(.rodata.LCD5x8H5x8)
    Region$$Table$$Base                      0x080047e4   Number         0  anon$$obj.o(Region$$Table)
    Region$$Table$$Limit                     0x08004804   Number         0  anon$$obj.o(Region$$Table)
    __ctype                                  0x0800482d   Data           0  lc_ctype_c.o(locale$$data)
    SystemCoreClock                          0x20000004   Data           4  system_stm32f0xx.o(.data.SystemCoreClock)
    lastPresses                              0x20000008   Data           1  main.o(.data.lastPresses)
    useRussian                               0x20000009   Data           1  graphic.o(.data.useRussian)
    __libspace_start                         0x20000010   Data          96  libspace.o(.bss)
    __temporary_stack_top$libspace           0x20000070   Data           0  libspace.o(.bss)
    dac_calibrated_value                     0x20000078   Data           2  main.o(.bss.dac_calibrated_value)
    doFlag                                   0x2000007a   Data           1  button.o(.bss.doFlag)
    msTicks                                  0x2000007c   Data           4  delay.o(.bss.msTicks)
    presses                                  0x20000080   Data           1  button.o(.bss.presses)
    screen_x                                 0x200000a2   Data           1  ks0108.o(.bss.screen_x)
    screen_y                                 0x200000a3   Data           1  ks0108.o(.bss.screen_y)
    stat                                     0x200000a4   Data           1  ks0108.o(.bss.stat)
    status                                   0x200000a5   Data           1  ks0108-stm32.o(.bss.status)



==============================================================================

Memory Map of the image

  Image Entry point : 0x080000bd

  Load Region LR_IROM1 (Base: 0x08000000, Size: 0x00004940, Max: 0x00010000, ABSOLUTE)

    Execution Region ER_IROM1 (Exec base: 0x08000000, Load base: 0x08000000, Size: 0x00004930, Max: 0x00010000, ABSOLUTE)

    Exec Addr    Load Addr    Size         Type   Attr      Idx    E Section Name        Object

    0x08000000   0x08000000   0x000000bc   Data   RO         1487    RESET               startup_stm32f051x8.o
    0x080000bc   0x080000bc   0x00000008   Code   RO         1526  * !!!main             c_p.l(__main.o)
    0x080000c4   0x080000c4   0x0000003c   Code   RO         1900    !!!scatter          c_p.l(__scatter.o)
    0x08000100   0x08000100   0x0000001a   Code   RO         1902    !!handler_copy      c_p.l(__scatter_copy.o)
    0x0800011a   0x0800011a   0x00000002   PAD
    0x0800011c   0x0800011c   0x0000001c   Code   RO         1904    !!handler_zi        c_p.l(__scatter_zi.o)
    0x08000138   0x08000138   0x00000002   Code   RO         1645    .ARM.Collect$$_printf_percent$$00000000  c_p.l(_printf_percent.o)
    0x0800013a   0x0800013a   0x0000000a   Code   RO         1634    .ARM.Collect$$_printf_percent$$00000001  c_p.l(_printf_n.o)
    0x08000144   0x08000144   0x0000000a   Code   RO         1636    .ARM.Collect$$_printf_percent$$00000002  c_p.l(_printf_p.o)
    0x0800014e   0x0800014e   0x0000000a   Code   RO         1641    .ARM.Collect$$_printf_percent$$00000003  c_p.l(_printf_f.o)
    0x08000158   0x08000158   0x0000000a   Code   RO         1642    .ARM.Collect$$_printf_percent$$00000004  c_p.l(_printf_e.o)
    0x08000162   0x08000162   0x0000000a   Code   RO         1643    .ARM.Collect$$_printf_percent$$00000005  c_p.l(_printf_g.o)
    0x0800016c   0x0800016c   0x0000000a   Code   RO         1644    .ARM.Collect$$_printf_percent$$00000006  c_p.l(_printf_a.o)
    0x08000176   0x08000176   0x0000000a   Code   RO         1649    .ARM.Collect$$_printf_percent$$00000007  c_p.l(_printf_ll.o)
    0x08000180   0x08000180   0x0000000a   Code   RO         1638    .ARM.Collect$$_printf_percent$$00000008  c_p.l(_printf_i.o)
    0x0800018a   0x0800018a   0x0000000a   Code   RO         1639    .ARM.Collect$$_printf_percent$$00000009  c_p.l(_printf_d.o)
    0x08000194   0x08000194   0x0000000a   Code   RO         1640    .ARM.Collect$$_printf_percent$$0000000A  c_p.l(_printf_u.o)
    0x0800019e   0x0800019e   0x0000000a   Code   RO         1637    .ARM.Collect$$_printf_percent$$0000000B  c_p.l(_printf_o.o)
    0x080001a8   0x080001a8   0x0000000a   Code   RO         1635    .ARM.Collect$$_printf_percent$$0000000C  c_p.l(_printf_x.o)
    0x080001b2   0x080001b2   0x0000000a   Code   RO         1646    .ARM.Collect$$_printf_percent$$0000000D  c_p.l(_printf_lli.o)
    0x080001bc   0x080001bc   0x0000000a   Code   RO         1647    .ARM.Collect$$_printf_percent$$0000000E  c_p.l(_printf_lld.o)
    0x080001c6   0x080001c6   0x0000000a   Code   RO         1648    .ARM.Collect$$_printf_percent$$0000000F  c_p.l(_printf_llu.o)
    0x080001d0   0x080001d0   0x0000000a   Code   RO         1653    .ARM.Collect$$_printf_percent$$00000010  c_p.l(_printf_llo.o)
    0x080001da   0x080001da   0x0000000a   Code   RO         1654    .ARM.Collect$$_printf_percent$$00000011  c_p.l(_printf_llx.o)
    0x080001e4   0x080001e4   0x0000000a   Code   RO         1650    .ARM.Collect$$_printf_percent$$00000012  c_p.l(_printf_l.o)
    0x080001ee   0x080001ee   0x0000000a   Code   RO         1632    .ARM.Collect$$_printf_percent$$00000013  c_p.l(_printf_c.o)
    0x080001f8   0x080001f8   0x0000000a   Code   RO         1633    .ARM.Collect$$_printf_percent$$00000014  c_p.l(_printf_s.o)
    0x08000202   0x08000202   0x0000000a   Code   RO         1651    .ARM.Collect$$_printf_percent$$00000015  c_p.l(_printf_lc.o)
    0x0800020c   0x0800020c   0x0000000a   Code   RO         1652    .ARM.Collect$$_printf_percent$$00000016  c_p.l(_printf_ls.o)
    0x08000216   0x08000216   0x00000004   Code   RO         1704    .ARM.Collect$$_printf_percent$$00000017  c_p.l(_printf_percent_end.o)
    0x0800021a   0x0800021a   0x00000002   Code   RO         1746    .ARM.Collect$$libinit$$00000000  c_p.l(libinit.o)
    0x0800021c   0x0800021c   0x00000000   Code   RO         1773    .ARM.Collect$$libinit$$00000002  c_p.l(libinit2.o)
    0x0800021c   0x0800021c   0x00000000   Code   RO         1775    .ARM.Collect$$libinit$$00000004  c_p.l(libinit2.o)
    0x0800021c   0x0800021c   0x00000000   Code   RO         1777    .ARM.Collect$$libinit$$00000006  c_p.l(libinit2.o)
    0x0800021c   0x0800021c   0x00000000   Code   RO         1780    .ARM.Collect$$libinit$$0000000C  c_p.l(libinit2.o)
    0x0800021c   0x0800021c   0x00000000   Code   RO         1782    .ARM.Collect$$libinit$$0000000E  c_p.l(libinit2.o)
    0x0800021c   0x0800021c   0x00000000   Code   RO         1784    .ARM.Collect$$libinit$$00000010  c_p.l(libinit2.o)
    0x0800021c   0x0800021c   0x00000006   Code   RO         1785    .ARM.Collect$$libinit$$00000011  c_p.l(libinit2.o)
    0x08000222   0x08000222   0x00000000   Code   RO         1787    .ARM.Collect$$libinit$$00000013  c_p.l(libinit2.o)
    0x08000222   0x08000222   0x0000000c   Code   RO         1788    .ARM.Collect$$libinit$$00000014  c_p.l(libinit2.o)
    0x0800022e   0x0800022e   0x00000000   Code   RO         1789    .ARM.Collect$$libinit$$00000015  c_p.l(libinit2.o)
    0x0800022e   0x0800022e   0x00000000   Code   RO         1791    .ARM.Collect$$libinit$$00000017  c_p.l(libinit2.o)
    0x0800022e   0x0800022e   0x0000000a   Code   RO         1792    .ARM.Collect$$libinit$$00000018  c_p.l(libinit2.o)
    0x08000238   0x08000238   0x00000000   Code   RO         1793    .ARM.Collect$$libinit$$00000019  c_p.l(libinit2.o)
    0x08000238   0x08000238   0x00000000   Code   RO         1795    .ARM.Collect$$libinit$$0000001B  c_p.l(libinit2.o)
    0x08000238   0x08000238   0x00000000   Code   RO         1797    .ARM.Collect$$libinit$$0000001D  c_p.l(libinit2.o)
    0x08000238   0x08000238   0x00000000   Code   RO         1799    .ARM.Collect$$libinit$$0000001F  c_p.l(libinit2.o)
    0x08000238   0x08000238   0x00000000   Code   RO         1801    .ARM.Collect$$libinit$$00000021  c_p.l(libinit2.o)
    0x08000238   0x08000238   0x00000000   Code   RO         1803    .ARM.Collect$$libinit$$00000023  c_p.l(libinit2.o)
    0x08000238   0x08000238   0x00000000   Code   RO         1805    .ARM.Collect$$libinit$$00000025  c_p.l(libinit2.o)
    0x08000238   0x08000238   0x00000000   Code   RO         1807    .ARM.Collect$$libinit$$00000027  c_p.l(libinit2.o)
    0x08000238   0x08000238   0x00000000   Code   RO         1811    .ARM.Collect$$libinit$$0000002E  c_p.l(libinit2.o)
    0x08000238   0x08000238   0x00000000   Code   RO         1813    .ARM.Collect$$libinit$$00000030  c_p.l(libinit2.o)
    0x08000238   0x08000238   0x00000000   Code   RO         1815    .ARM.Collect$$libinit$$00000032  c_p.l(libinit2.o)
    0x08000238   0x08000238   0x00000000   Code   RO         1817    .ARM.Collect$$libinit$$00000034  c_p.l(libinit2.o)
    0x08000238   0x08000238   0x00000002   Code   RO         1818    .ARM.Collect$$libinit$$00000035  c_p.l(libinit2.o)
    0x0800023a   0x0800023a   0x00000002   Code   RO         1855    .ARM.Collect$$libshutdown$$00000000  c_p.l(libshutdown.o)
    0x0800023c   0x0800023c   0x00000000   Code   RO         1883    .ARM.Collect$$libshutdown$$00000002  c_p.l(libshutdown2.o)
    0x0800023c   0x0800023c   0x00000000   Code   RO         1885    .ARM.Collect$$libshutdown$$00000004  c_p.l(libshutdown2.o)
    0x0800023c   0x0800023c   0x00000000   Code   RO         1888    .ARM.Collect$$libshutdown$$00000007  c_p.l(libshutdown2.o)
    0x0800023c   0x0800023c   0x00000000   Code   RO         1891    .ARM.Collect$$libshutdown$$0000000A  c_p.l(libshutdown2.o)
    0x0800023c   0x0800023c   0x00000000   Code   RO         1893    .ARM.Collect$$libshutdown$$0000000C  c_p.l(libshutdown2.o)
    0x0800023c   0x0800023c   0x00000000   Code   RO         1896    .ARM.Collect$$libshutdown$$0000000F  c_p.l(libshutdown2.o)
    0x0800023c   0x0800023c   0x00000002   Code   RO         1897    .ARM.Collect$$libshutdown$$00000010  c_p.l(libshutdown2.o)
    0x0800023e   0x0800023e   0x00000000   Code   RO         1555    .ARM.Collect$$rtentry$$00000000  c_p.l(__rtentry.o)
    0x0800023e   0x0800023e   0x00000000   Code   RO         1671    .ARM.Collect$$rtentry$$00000002  c_p.l(__rtentry2.o)
    0x0800023e   0x0800023e   0x00000006   Code   RO         1683    .ARM.Collect$$rtentry$$00000004  c_p.l(__rtentry4.o)
    0x08000244   0x08000244   0x00000000   Code   RO         1673    .ARM.Collect$$rtentry$$00000009  c_p.l(__rtentry2.o)
    0x08000244   0x08000244   0x00000004   Code   RO         1674    .ARM.Collect$$rtentry$$0000000A  c_p.l(__rtentry2.o)
    0x08000248   0x08000248   0x00000000   Code   RO         1676    .ARM.Collect$$rtentry$$0000000C  c_p.l(__rtentry2.o)
    0x08000248   0x08000248   0x00000008   Code   RO         1677    .ARM.Collect$$rtentry$$0000000D  c_p.l(__rtentry2.o)
    0x08000250   0x08000250   0x00000002   Code   RO         1759    .ARM.Collect$$rtexit$$00000000  c_p.l(rtexit.o)
    0x08000252   0x08000252   0x00000000   Code   RO         1826    .ARM.Collect$$rtexit$$00000002  c_p.l(rtexit2.o)
    0x08000252   0x08000252   0x00000004   Code   RO         1827    .ARM.Collect$$rtexit$$00000003  c_p.l(rtexit2.o)
    0x08000256   0x08000256   0x00000006   Code   RO         1828    .ARM.Collect$$rtexit$$00000004  c_p.l(rtexit2.o)
    0x0800025c   0x0800025c   0x00000038   Code   RO         1488    .text               startup_stm32f051x8.o
    0x08000294   0x08000294   0x0000002c   Code   RO         1516    .text               c_p.l(sprintf.o)
    0x080002c0   0x080002c0   0x00000088   Code   RO         1518    .text               c_p.l(strcmp.o)
    0x08000348   0x08000348   0x0000016c   Code   RO         1520    .text               c_p.l(aeabi_sdiv.o)
    0x080004b4   0x080004b4   0x00000006   Code   RO         1524    .text               c_p.l(heapauxi.o)
    0x080004ba   0x080004ba   0x00000002   PAD
    0x080004bc   0x080004bc   0x00000054   Code   RO         1528    .text               fz_ps.l(f2d.o)
    0x08000510   0x08000510   0x00000160   Code   RO         1548    .text               fz_ps.l(fdiv.o)
    0x08000670   0x08000670   0x0000005e   Code   RO         1551    .text               fz_ps.l(fflti.o)
    0x080006ce   0x080006ce   0x0000004e   Code   RO         1566    .text               c_p.l(_printf_pad.o)
    0x0800071c   0x0800071c   0x00000024   Code   RO         1568    .text               c_p.l(_printf_truncate.o)
    0x08000740   0x08000740   0x00000052   Code   RO         1570    .text               c_p.l(_printf_str.o)
    0x08000792   0x08000792   0x00000002   PAD
    0x08000794   0x08000794   0x0000006c   Code   RO         1572    .text               c_p.l(_printf_dec.o)
    0x08000800   0x08000800   0x00000026   Code   RO         1574    .text               c_p.l(_printf_charcount.o)
    0x08000826   0x08000826   0x00000002   PAD
    0x08000828   0x08000828   0x00000030   Code   RO         1576    .text               c_p.l(_printf_char_common.o)
    0x08000858   0x08000858   0x0000000a   Code   RO         1578    .text               c_p.l(_sputc.o)
    0x08000862   0x08000862   0x00000002   PAD
    0x08000864   0x08000864   0x000000bc   Code   RO         1580    .text               c_p.l(_printf_wctomb.o)
    0x08000920   0x08000920   0x00000070   Code   RO         1583    .text               c_p.l(_printf_longlong_dec.o)
    0x08000990   0x08000990   0x00000070   Code   RO         1589    .text               c_p.l(_printf_oct_int_ll.o)
    0x08000a00   0x08000a00   0x00000098   Code   RO         1609    .text               c_p.l(_printf_hex_int_ll_ptr.o)
    0x08000a98   0x08000a98   0x00000188   Code   RO         1629    .text               c_p.l(__printf_flags_ss_wp.o)
    0x08000c20   0x08000c20   0x0000007a   Code   RO         1687    .text               c_p.l(lludiv10.o)
    0x08000c9a   0x08000c9a   0x000000b0   Code   RO         1689    .text               c_p.l(_printf_intcommon.o)
    0x08000d4a   0x08000d4a   0x00000002   PAD
    0x08000d4c   0x08000d4c   0x00000414   Code   RO         1691    .text               c_p.l(_printf_fp_dec.o)
    0x08001160   0x08001160   0x000002d8   Code   RO         1695    .text               c_p.l(_printf_fp_hex.o)
    0x08001438   0x08001438   0x0000002e   Code   RO         1700    .text               c_p.l(_printf_char.o)
    0x08001466   0x08001466   0x0000002e   Code   RO         1702    .text               c_p.l(_printf_wchar.o)
    0x08001494   0x08001494   0x00000042   Code   RO         1705    .text               c_p.l(_c16rtomb.o)
    0x080014d6   0x080014d6   0x00000028   Code   RO         1707    .text               c_p.l(rtudiv10.o)
    0x080014fe   0x080014fe   0x00000002   PAD
    0x08001500   0x08001500   0x00000064   Code   RO         1709    .text               fz_ps.l(fcmpin.o)
    0x08001564   0x08001564   0x0000003e   Code   RO         1711    .text               c_p.l(sys_stackheap_outer.o)
    0x080015a2   0x080015a2   0x00000002   PAD
    0x080015a4   0x080015a4   0x00000010   Code   RO         1714    .text               c_p.l(rt_ctype_table.o)
    0x080015b4   0x080015b4   0x00000008   Code   RO         1719    .text               c_p.l(rt_locale_intlibspace.o)
    0x080015bc   0x080015bc   0x00000088   Code   RO         1721    .text               c_p.l(_printf_fp_infnan.o)
    0x08001644   0x08001644   0x000000d8   Code   RO         1723    .text               c_p.l(bigflt0.o)
    0x0800171c   0x0800171c   0x00000580   Code   RO         1726    .text               c_p.l(btod.o)
    0x08001c9c   0x08001c9c   0x00000010   Code   RO         1735    .text               c_p.l(exit.o)
    0x08001cac   0x08001cac   0x0000002e   Code   RO         1747    .text               fz_ps.l(cmpret.o)
    0x08001cda   0x08001cda   0x00000002   PAD
    0x08001cdc   0x08001cdc   0x00000010   Code   RO         1749    .text               fz_ps.l(fnan2.o)
    0x08001cec   0x08001cec   0x00000008   Code   RO         1755    .text               c_p.l(libspace.o)
    0x08001cf4   0x08001cf4   0x0000005e   Code   RO         1819    .text               fz_ps.l(retnan.o)
    0x08001d52   0x08001d52   0x00000002   PAD
    0x08001d54   0x08001d54   0x0000000c   Code   RO         1821    .text               c_p.l(sys_exit.o)
    0x08001d60   0x08001d60   0x00000002   Code   RO         1844    .text               c_p.l(use_no_semi.o)
    0x08001d62   0x08001d62   0x00000000   Code   RO         1846    .text               c_p.l(indicate_semi.o)
    0x08001d62   0x08001d62   0x00000002   PAD
    0x08001d64   0x08001d64   0x0000007c   Code   RO           75    .text.ADC_Init      adc.o
    0x08001de0   0x08001de0   0x0000006c   Code   RO           77    .text.ADC_Read_Channel  adc.o
    0x08001e4c   0x08001e4c   0x000000e4   Code   RO          186    .text.Button_Init   button.o
    0x08001f30   0x08001f30   0x00000030   Code   RO           86    .text.DAC_Init      dac.o
    0x08001f60   0x08001f60   0x00000028   Code   RO           20    .text.Delay_ms      delay.o
    0x08001f88   0x08001f88   0x00000182   Code   RO          102    .text.DrawBatteryIcon  graphic.o
    0x0800210a   0x0800210a   0x00000002   PAD
    0x0800210c   0x0800210c   0x000000e8   Code   RO          112    .text.DrawModeScreen  graphic.o
    0x080021f4   0x080021f4   0x00000074   Code   RO          192    .text.EXTI0_1_IRQHandler  button.o
    0x08002268   0x08002268   0x00000056   Code   RO          137    .text.GLCD_ClearScreen  ks0108.o
    0x080022be   0x080022be   0x00000020   Code   RO          158    .text.GLCD_Delay    ks0108-stm32.o
    0x080022de   0x080022de   0x00000002   PAD
    0x080022e0   0x080022e0   0x00000024   Code   RO          162    .text.GLCD_DisableController  ks0108-stm32.o
    0x08002304   0x08002304   0x00000024   Code   RO          160    .text.GLCD_EnableController  ks0108-stm32.o
    0x08002328   0x08002328   0x00000088   Code   RO          133    .text.GLCD_GoTo     ks0108.o
    0x080023b0   0x080023b0   0x00000080   Code   RO          131    .text.GLCD_Initialize  ks0108.o
    0x08002430   0x08002430   0x0000002c   Code   RO          174    .text.GLCD_InitializePorts  ks0108-stm32.o
    0x0800245c   0x0800245c   0x00000138   Code   RO          110    .text.GLCD_Line     graphic.o
    0x08002594   0x08002594   0x00000084   Code   RO          170    .text.GLCD_ReadData  ks0108-stm32.o
    0x08002618   0x08002618   0x00000084   Code   RO          164    .text.GLCD_ReadStatus  ks0108-stm32.o
    0x0800269c   0x0800269c   0x0000003c   Code   RO          172    .text.GLCD_Reset    ks0108-stm32.o
    0x080026d8   0x080026d8   0x00000098   Code   RO          143    .text.GLCD_SetPixel  ks0108.o
    0x08002770   0x08002770   0x0000001c   Code   RO          114    .text.GLCD_ShutDown_Device  graphic.o
    0x0800278c   0x0800278c   0x000000ec   Code   RO          139    .text.GLCD_WriteChar  ks0108.o
    0x08002878   0x08002878   0x00000070   Code   RO          166    .text.GLCD_WriteCommand  ks0108-stm32.o
    0x080028e8   0x080028e8   0x0000009c   Code   RO          168    .text.GLCD_WriteData  ks0108-stm32.o
    0x08002984   0x08002984   0x00000024   Code   RO          141    .text.GLCD_WriteString  ks0108.o
    0x080029a8   0x080029a8   0x00000098   Code   RO          104    .text.GetBatteryLevelFromVoltage  graphic.o
    0x08002a40   0x08002a40   0x000005d8   Code   RO          230    .text.Measurement_Calibration  measurement.o
    0x08003018   0x08003018   0x00000008   Code   RO          224    .text.Measurement_Continuous  measurement.o
    0x08003020   0x08003020   0x00000184   Code   RO          226    .text.Measurement_PerformCycle  measurement.o
    0x080031a4   0x080031a4   0x00000008   Code   RO          228    .text.Measurement_Single  measurement.o
    0x080031ac   0x080031ac   0x0000005c   Code   RO          214    .text.ShutDown_Device  timeout.o
    0x08003208   0x08003208   0x000000a0   Code   RO          248    .text.Storage_SaveDAC  storage.o
    0x080032a8   0x080032a8   0x00000050   Code   RO            4    .text.SysTick_Config  main.o
    0x080032f8   0x080032f8   0x00000014   Code   RO           18    .text.SysTick_Handler  delay.o
    0x0800330c   0x0800330c   0x00000002   Code   RO         1495    .text.SystemInit    system_stm32f0xx.o
    0x0800330e   0x0800330e   0x00000002   PAD
    0x08003310   0x08003310   0x000000e0   Code   RO          194    .text.TIM14_IRQHandler  button.o
    0x080033f0   0x080033f0   0x00000008   Code   RO          206    .text.Timeout_Init  timeout.o
    0x080033f8   0x080033f8   0x00000020   Code   RO          212    .text.Timeout_IsExpired  timeout.o
    0x08003418   0x08003418   0x00000008   Code   RO          208    .text.Timeout_Reset  timeout.o
    0x08003420   0x08003420   0x00000020   Code   RO          210    .text.Timeout_SysTick_Handler  timeout.o
    0x08003440   0x08003440   0x00000084   Code   RO           55    .text.UART1_Init    uart.o
    0x080034c4   0x080034c4   0x00000028   Code   RO           59    .text.UART1_SendChar  uart.o
    0x080034ec   0x080034ec   0x00000024   Code   RO           61    .text.UART1_SendString  uart.o
    0x08003510   0x08003510   0x00000090   Code   RO           63    .text.USART1_IRQHandler  uart.o
    0x080035a0   0x080035a0   0x00000028   Code   RO           57    .text.__NVIC_EnableIRQ  uart.o
    0x080035c8   0x080035c8   0x0000002c   Code   RO          190    .text.__NVIC_EnableIRQ  button.o
    0x080035f4   0x080035f4   0x0000007c   Code   RO            6    .text.__NVIC_SetPriority  main.o
    0x08003670   0x08003670   0x00000084   Code   RO          188    .text.__NVIC_SetPriority  button.o
    0x080036f4   0x080036f4   0x00000048   Code   RO          232    .text.calibration_aborted  measurement.o
    0x0800373c   0x0800373c   0x000002fc   Code   RO          234    .text.compute_angle  measurement.o
    0x08003a38   0x08003a38   0x000000dc   Code   RO            2    .text.main          main.o
    0x08003b14   0x08003b14   0x00000030   Code   RO         1728    i.__ARM_common_ll_muluu  c_p.l(btod.o)
    0x08003b44   0x08003b44   0x0000002c   Code   RO         1753    i.__ARM_fpclassify  m_ps.l(fpclassify.o)
    0x08003b70   0x08003b70   0x00000016   Code   RO         1538    i._fgr              fz_ps.l(fcmp.o)
    0x08003b86   0x08003b86   0x0000001a   Code   RO         1539    i._fleq             fz_ps.l(fcmp.o)
    0x08003ba0   0x08003ba0   0x00000016   Code   RO         1540    i._fls              fz_ps.l(fcmp.o)
    0x08003bb6   0x08003bb6   0x0000000e   Code   RO         1622    i._is_digit         c_p.l(__printf_wp.o)
    0x08003bc4   0x08003bc4   0x0000002c   Code   RO         1733    locale$$code        c_p.l(lc_numeric_c.o)
    0x08003bf0   0x08003bf0   0x0000002c   Code   RO         1766    locale$$code        c_p.l(lc_ctype_c.o)
    0x08003c1c   0x08003c1c   0x0000008c   Code   RO         1530    x$fpl$fadd          fz_ps.l(faddsub.o)
    0x08003ca8   0x08003ca8   0x00000054   Code   RO         1657    x$fpl$fgeqf         fz_ps.l(fgef.o)
    0x08003cfc   0x08003cfc   0x00000054   Code   RO         1659    x$fpl$fleqf         fz_ps.l(flef.o)
    0x08003d50   0x08003d50   0x000000b0   Code   RO         1553    x$fpl$fmul          fz_ps.l(fmul.o)
    0x08003e00   0x08003e00   0x000000d0   Code   RO         1532    x$fpl$fsub          fz_ps.l(faddsub.o)
    0x08003ed0   0x08003ed0   0x00000010   Code   RO         1661    x$fpl$printf1       fz_ps.l(printf1.o)
    0x08003ee0   0x08003ee0   0x00000010   Code   RO         1663    x$fpl$printf2       fz_ps.l(printf2.o)
    0x08003ef0   0x08003ef0   0x00000000   Code   RO         1669    x$fpl$usenofp       fz_ps.l(usenofp.o)
    0x08003ef0   0x08003ef0   0x00000040   Data   RO         1549    .constdata          fz_ps.l(fdiv.o)
    0x08003f30   0x08003f30   0x00000008   Data   RO         1581    .constdata          c_p.l(_printf_wctomb.o)
    0x08003f38   0x08003f38   0x00000028   Data   RO         1610    .constdata          c_p.l(_printf_hex_int_ll_ptr.o)
    0x08003f60   0x08003f60   0x00000011   Data   RO         1630    .constdata          c_p.l(__printf_flags_ss_wp.o)
    0x08003f71   0x08003f71   0x00000026   Data   RO         1696    .constdata          c_p.l(_printf_fp_hex.o)
    0x08003f97   0x08003f97   0x00000001   PAD
    0x08003f98   0x08003f98   0x00000094   Data   RO         1724    .constdata          c_p.l(bigflt0.o)
    0x0800402c   0x0800402c   0x0000000c   Data   RO          122    .rodata..L__const.DrawModeScreen.modeNamesEng  graphic.o
    0x08004038   0x08004038   0x0000000c   Data   RO          121    .rodata..L__const.DrawModeScreen.modeNamesRus  graphic.o
    0x08004044   0x08004044   0x00000300   Data   RO          259    .rodata.LCD5x8H5x8  font_rus.o
    0x08004344   0x08004344   0x000001e0   Data   RO          150    .rodata.font5x8     ks0108.o
    0x08004524   0x08004524   0x0000000c   Data   RO           67    .rodata.str1.1      uart.o
    0x08004530   0x08004530   0x00000077   Data   RO          120    .rodata.str1.1      graphic.o
    0x080045a7   0x080045a7   0x0000023d   Data   RO          240    .rodata.str1.1      measurement.o
    0x080047e4   0x080047e4   0x00000020   Data   RO         1899    Region$$Table       anon$$obj.o
    0x08004804   0x08004804   0x0000001c   Data   RO         1732    locale$$data        c_p.l(lc_numeric_c.o)
    0x08004820   0x08004820   0x00000110   Data   RO         1765    locale$$data        c_p.l(lc_ctype_c.o)


    Execution Region RW_IRAM1 (Exec base: 0x20000000, Load base: 0x08004930, Size: 0x000006b0, Max: 0x00002000, ABSOLUTE)

    Exec Addr    Load Addr    Size         Type   Attr      Idx    E Section Name        Object

    0x20000000   0x08004930   0x00000002   Data   RW          239    .data.Measurement_Calibration.dacValue  measurement.o
    0x20000002   0x08004932   0x00000002   PAD
    0x20000004   0x08004934   0x00000004   Data   RW         1499    .data.SystemCoreClock  system_stm32f0xx.o
    0x20000008   0x08004938   0x00000001   Data   RW            8    .data.lastPresses   main.o
    0x20000009   0x08004939   0x00000001   Data   RW          119    .data.useRussian    graphic.o
    0x2000000a   0x0800493a   0x00000006   PAD
    0x20000010        -       0x00000060   Zero   RW         1756    .bss                c_p.l(libspace.o)
    0x20000070        -       0x00000001   Zero   RW          236    .bss.Measurement_Calibration.calibrationStarted  measurement.o
    0x20000071   0x0800493a   0x00000001   PAD
    0x20000072        -       0x00000002   Zero   RW          237    .bss.Measurement_Calibration.maxValue0  measurement.o
    0x20000074        -       0x00000002   Zero   RW          238    .bss.Measurement_Calibration.maxValue1  measurement.o
    0x20000076        -       0x00000001   Zero   RW          198    .bss.button_pending  button.o
    0x20000077   0x0800493a   0x00000001   PAD
    0x20000078        -       0x00000002   Zero   RW            9    .bss.dac_calibrated_value  main.o
    0x2000007a        -       0x00000001   Zero   RW          197    .bss.doFlag         button.o
    0x2000007b   0x0800493a   0x00000001   PAD
    0x2000007c        -       0x00000004   Zero   RW           24    .bss.msTicks        delay.o
    0x20000080        -       0x00000001   Zero   RW          196    .bss.presses        button.o
    0x20000081        -       0x00000020   Zero   RW           65    .bss.rx_buffer      uart.o
    0x200000a1        -       0x00000001   Zero   RW           66    .bss.rx_index       uart.o
    0x200000a2        -       0x00000001   Zero   RW          147    .bss.screen_x       ks0108.o
    0x200000a3        -       0x00000001   Zero   RW          148    .bss.screen_y       ks0108.o
    0x200000a4        -       0x00000001   Zero   RW          149    .bss.stat           ks0108.o
    0x200000a5        -       0x00000001   Zero   RW          178    .bss.status         ks0108-stm32.o
    0x200000a6   0x0800493a   0x00000002   PAD
    0x200000a8        -       0x00000004   Zero   RW          216    .bss.timeout_counter  timeout.o
    0x200000ac   0x0800493a   0x00000004   PAD
    0x200000b0        -       0x00000200   Zero   RW         1486    HEAP                startup_stm32f051x8.o
    0x200002b0        -       0x00000400   Zero   RW         1485    STACK               startup_stm32f051x8.o


==============================================================================

Image component sizes


      Code (inc. data)   RO Data    RW Data    ZI Data      Debug   Object Name

       232         24          0          0          0       1925   adc.o
       744        100          0          0          3       4450   button.o
        48          8          0          0          0       1242   dac.o
        60          8          0          0          4        906   delay.o
         0          0        768          0          0        389   font_rus.o
      1110         40        143          1          0       4127   graphic.o
       740         80          0          0          1       2994   ks0108-stm32.o
       774         16        480          0          3       2701   ks0108.o
       424         28          0          1          2       2968   main.o
      2736        320        573          2          5       4573   measurement.o
        56         26        188          0       1536        684   startup_stm32f051x8.o
       160         28          0          0          0       1249   storage.o
         2          0          0          4          0       1702   system_stm32f0xx.o
       172         20          0          0          4       1875   timeout.o
       392         48         12          0         33       3645   uart.o

    ----------------------------------------------------------------------
      7656        746       2196         12       1604      35430   Object Totals
         0          0         32          0          0          0   (incl. Generated)
         6          0          0          4         13          0   (incl. Padding)

    ----------------------------------------------------------------------

      Code (inc. data)   RO Data    RW Data    ZI Data      Debug   Library Member Name

         8          0          0          0          0         68   __main.o
       392          6         17          0          0         76   __printf_flags_ss_wp.o
        14          0          0          0          0         60   __printf_wp.o
         0          0          0          0          0          0   __rtentry.o
        12          0          0          0          0          0   __rtentry2.o
         6          0          0          0          0          0   __rtentry4.o
        60          8          0          0          0          0   __scatter.o
        26          0          0          0          0          0   __scatter_copy.o
        28          0          0          0          0          0   __scatter_zi.o
        66          0          0          0          0         76   _c16rtomb.o
        10          0          0          0          0          0   _printf_a.o
        10          0          0          0          0          0   _printf_c.o
        46          0          0          0          0        100   _printf_char.o
        48          6          0          0          0         88   _printf_char_common.o
        38          0          0          0          0         60   _printf_charcount.o
        10          0          0          0          0          0   _printf_d.o
       108         18          0          0          0         76   _printf_dec.o
        10          0          0          0          0          0   _printf_e.o
        10          0          0          0          0          0   _printf_f.o
      1044         12          0          0          0        116   _printf_fp_dec.o
       728         10         38          0          0         84   _printf_fp_hex.o
       136         16          0          0          0         76   _printf_fp_infnan.o
        10          0          0          0          0          0   _printf_g.o
       152          4         40          0          0        148   _printf_hex_int_ll_ptr.o
        10          0          0          0          0          0   _printf_i.o
       176          0          0          0          0         84   _printf_intcommon.o
        10          0          0          0          0          0   _printf_l.o
        10          0          0          0          0          0   _printf_lc.o
        10          0          0          0          0          0   _printf_ll.o
        10          0          0          0          0          0   _printf_lld.o
        10          0          0          0          0          0   _printf_lli.o
        10          0          0          0          0          0   _printf_llo.o
        10          0          0          0          0          0   _printf_llu.o
        10          0          0          0          0          0   _printf_llx.o
       112         18          0          0          0         76   _printf_longlong_dec.o
        10          0          0          0          0          0   _printf_ls.o
        10          0          0          0          0          0   _printf_n.o
        10          0          0          0          0          0   _printf_o.o
       112         10          0          0          0        112   _printf_oct_int_ll.o
        10          0          0          0          0          0   _printf_p.o
        78          0          0          0          0        100   _printf_pad.o
         2          0          0          0          0          0   _printf_percent.o
         4          0          0          0          0          0   _printf_percent_end.o
        10          0          0          0          0          0   _printf_s.o
        82          0          0          0          0         72   _printf_str.o
        36          0          0          0          0         76   _printf_truncate.o
        10          0          0          0          0          0   _printf_u.o
        46          0          0          0          0        100   _printf_wchar.o
       188          6          8          0          0         80   _printf_wctomb.o
        10          0          0          0          0          0   _printf_x.o
        10          0          0          0          0         60   _sputc.o
       364          4          0          0          0         92   aeabi_sdiv.o
       216          6        148          0          0         80   bigflt0.o
      1456         30          0          0          0        336   btod.o
        16          0          0          0          0         68   exit.o
         6          0          0          0          0        136   heapauxi.o
         0          0          0          0          0          0   indicate_semi.o
        44         10        272          0          0         76   lc_ctype_c.o
        44         10         28          0          0         76   lc_numeric_c.o
         2          0          0          0          0          0   libinit.o
        30          0          0          0          0          0   libinit2.o
         2          0          0          0          0          0   libshutdown.o
         2          0          0          0          0          0   libshutdown2.o
         8          4          0          0         96         68   libspace.o
       122          0          0          0          0         72   lludiv10.o
        16          4          0          0          0         76   rt_ctype_table.o
         8          4          0          0          0         68   rt_locale_intlibspace.o
         2          0          0          0          0          0   rtexit.o
        10          0          0          0          0          0   rtexit2.o
        40          0          0          0          0         60   rtudiv10.o
        44          4          0          0          0         84   sprintf.o
       136          4          0          0          0         72   strcmp.o
        12          4          0          0          0         60   sys_exit.o
        62          0          0          0          0         80   sys_stackheap_outer.o
         2          0          0          0          0         68   use_no_semi.o
        46          0          0          0          0         60   cmpret.o
        84          4          0          0          0         60   f2d.o
       348          8          0          0          0        160   faddsub.o
        70          0          0          0          0        204   fcmp.o
       100          4          0          0          0         68   fcmpin.o
       352         10         64          0          0         92   fdiv.o
        94          0          0          0          0         92   fflti.o
        84          4          0          0          0         76   fgef.o
        84          4          0          0          0         76   flef.o
       176          4          0          0          0         80   fmul.o
        16          6          0          0          0         68   fnan2.o
        16          4          0          0          0         76   printf1.o
        16          4          0          0          0         76   printf2.o
        94          0          0          0          0         68   retnan.o
         0          0          0          0          0          0   usenofp.o
        44          4          0          0          0         60   fpclassify.o

    ----------------------------------------------------------------------
      8268        254        616          0         96       4676   Library Totals
        22          0          1          0          0          0   (incl. Padding)

    ----------------------------------------------------------------------

      Code (inc. data)   RO Data    RW Data    ZI Data      Debug   Library Name

      6622        198        551          0         96       3360   c_p.l
      1580         52         64          0          0       1256   fz_ps.l
        44          4          0          0          0         60   m_ps.l

    ----------------------------------------------------------------------
      8268        254        616          0         96       4676   Library Totals

    ----------------------------------------------------------------------

==============================================================================


      Code (inc. data)   RO Data    RW Data    ZI Data      Debug   

     15924       1000       2812         12       1700      37478   Grand Totals
     15924       1000       2812         12       1700      37478   ELF Image Totals
     15924       1000       2812         12          0          0   ROM Totals

==============================================================================

    Total RO  Size (Code + RO Data)                18736 (  18.30kB)
    Total RW  Size (RW Data + ZI Data)              1712 (   1.67kB)
    Total ROM Size (Code + RO Data + RW Data)      18748 (  18.31kB)

==============================================================================

